###############################################################################
#
# IAR ELF Linker V8.40.2.214/W32 for ARM                  26/Oct/2019  19:11:38
# Copyright 2007-2019 IAR Systems AB.
#
#    Output file  =
#        D:\Keil\STM32CubeExpansion_Cloud_AWS_V1.4.0\Projects\B-L475E-IOT01A\Applications\Cloud\AWS\EWARM\B-L475E-IOT01\Exe\B-L475E-IOT01.out
#    Map file     =
#        D:\Keil\STM32CubeExpansion_Cloud_AWS_V1.4.0\Projects\B-L475E-IOT01A\Applications\Cloud\AWS\EWARM\B-L475E-IOT01\List\B-L475E-IOT01.map
#    Command line =
#        -f C:\Users\power\AppData\Local\Temp\EW4FEE.tmp
#        (D:\Keil\STM32CubeExpansion_Cloud_AWS_V1.4.0\Projects\B-L475E-IOT01A\Applications\Cloud\AWS\EWARM\B-L475E-IOT01\Obj\aes.o
#        D:\Keil\STM32CubeExpansion_Cloud_AWS_V1.4.0\Projects\B-L475E-IOT01A\Applications\Cloud\AWS\EWARM\B-L475E-IOT01\Obj\aesni.o
#        D:\Keil\STM32CubeExpansion_Cloud_AWS_V1.4.0\Projects\B-L475E-IOT01A\Applications\Cloud\AWS\EWARM\B-L475E-IOT01\Obj\arc4.o
#        D:\Keil\STM32CubeExpansion_Cloud_AWS_V1.4.0\Projects\B-L475E-IOT01A\Applications\Cloud\AWS\EWARM\B-L475E-IOT01\Obj\aria.o
#        D:\Keil\STM32CubeExpansion_Cloud_AWS_V1.4.0\Projects\B-L475E-IOT01A\Applications\Cloud\AWS\EWARM\B-L475E-IOT01\Obj\asn1parse.o
#        D:\Keil\STM32CubeExpansion_Cloud_AWS_V1.4.0\Projects\B-L475E-IOT01A\Applications\Cloud\AWS\EWARM\B-L475E-IOT01\Obj\asn1write.o
#        D:\Keil\STM32CubeExpansion_Cloud_AWS_V1.4.0\Projects\B-L475E-IOT01A\Applications\Cloud\AWS\EWARM\B-L475E-IOT01\Obj\aws_iot_jobs_interface.o
#        D:\Keil\STM32CubeExpansion_Cloud_AWS_V1.4.0\Projects\B-L475E-IOT01A\Applications\Cloud\AWS\EWARM\B-L475E-IOT01\Obj\aws_iot_jobs_json.o
#        D:\Keil\STM32CubeExpansion_Cloud_AWS_V1.4.0\Projects\B-L475E-IOT01A\Applications\Cloud\AWS\EWARM\B-L475E-IOT01\Obj\aws_iot_jobs_topics.o
#        D:\Keil\STM32CubeExpansion_Cloud_AWS_V1.4.0\Projects\B-L475E-IOT01A\Applications\Cloud\AWS\EWARM\B-L475E-IOT01\Obj\aws_iot_jobs_types.o
#        D:\Keil\STM32CubeExpansion_Cloud_AWS_V1.4.0\Projects\B-L475E-IOT01A\Applications\Cloud\AWS\EWARM\B-L475E-IOT01\Obj\aws_iot_json_utils.o
#        D:\Keil\STM32CubeExpansion_Cloud_AWS_V1.4.0\Projects\B-L475E-IOT01A\Applications\Cloud\AWS\EWARM\B-L475E-IOT01\Obj\aws_iot_mqtt_client.o
#        D:\Keil\STM32CubeExpansion_Cloud_AWS_V1.4.0\Projects\B-L475E-IOT01A\Applications\Cloud\AWS\EWARM\B-L475E-IOT01\Obj\aws_iot_mqtt_client_common_internal.o
#        D:\Keil\STM32CubeExpansion_Cloud_AWS_V1.4.0\Projects\B-L475E-IOT01A\Applications\Cloud\AWS\EWARM\B-L475E-IOT01\Obj\aws_iot_mqtt_client_connect.o
#        D:\Keil\STM32CubeExpansion_Cloud_AWS_V1.4.0\Projects\B-L475E-IOT01A\Applications\Cloud\AWS\EWARM\B-L475E-IOT01\Obj\aws_iot_mqtt_client_publish.o
#        D:\Keil\STM32CubeExpansion_Cloud_AWS_V1.4.0\Projects\B-L475E-IOT01A\Applications\Cloud\AWS\EWARM\B-L475E-IOT01\Obj\aws_iot_mqtt_client_subscribe.o
#        D:\Keil\STM32CubeExpansion_Cloud_AWS_V1.4.0\Projects\B-L475E-IOT01A\Applications\Cloud\AWS\EWARM\B-L475E-IOT01\Obj\aws_iot_mqtt_client_unsubscribe.o
#        D:\Keil\STM32CubeExpansion_Cloud_AWS_V1.4.0\Projects\B-L475E-IOT01A\Applications\Cloud\AWS\EWARM\B-L475E-IOT01\Obj\aws_iot_mqtt_client_yield.o
#        D:\Keil\STM32CubeExpansion_Cloud_AWS_V1.4.0\Projects\B-L475E-IOT01A\Applications\Cloud\AWS\EWARM\B-L475E-IOT01\Obj\aws_iot_shadow.o
#        D:\Keil\STM32CubeExpansion_Cloud_AWS_V1.4.0\Projects\B-L475E-IOT01A\Applications\Cloud\AWS\EWARM\B-L475E-IOT01\Obj\aws_iot_shadow_actions.o
#        D:\Keil\STM32CubeExpansion_Cloud_AWS_V1.4.0\Projects\B-L475E-IOT01A\Applications\Cloud\AWS\EWARM\B-L475E-IOT01\Obj\aws_iot_shadow_json.o
#        D:\Keil\STM32CubeExpansion_Cloud_AWS_V1.4.0\Projects\B-L475E-IOT01A\Applications\Cloud\AWS\EWARM\B-L475E-IOT01\Obj\aws_iot_shadow_records.o
#        D:\Keil\STM32CubeExpansion_Cloud_AWS_V1.4.0\Projects\B-L475E-IOT01A\Applications\Cloud\AWS\EWARM\B-L475E-IOT01\Obj\aws_network_st_wrapper.o
#        D:\Keil\STM32CubeExpansion_Cloud_AWS_V1.4.0\Projects\B-L475E-IOT01A\Applications\Cloud\AWS\EWARM\B-L475E-IOT01\Obj\aws_subscribe_publish_sensor_values.o
#        D:\Keil\STM32CubeExpansion_Cloud_AWS_V1.4.0\Projects\B-L475E-IOT01A\Applications\Cloud\AWS\EWARM\B-L475E-IOT01\Obj\aws_timer.o
#        D:\Keil\STM32CubeExpansion_Cloud_AWS_V1.4.0\Projects\B-L475E-IOT01A\Applications\Cloud\AWS\EWARM\B-L475E-IOT01\Obj\base64.o
#        D:\Keil\STM32CubeExpansion_Cloud_AWS_V1.4.0\Projects\B-L475E-IOT01A\Applications\Cloud\AWS\EWARM\B-L475E-IOT01\Obj\bignum.o
#        D:\Keil\STM32CubeExpansion_Cloud_AWS_V1.4.0\Projects\B-L475E-IOT01A\Applications\Cloud\AWS\EWARM\B-L475E-IOT01\Obj\blowfish.o
#        D:\Keil\STM32CubeExpansion_Cloud_AWS_V1.4.0\Projects\B-L475E-IOT01A\Applications\Cloud\AWS\EWARM\B-L475E-IOT01\Obj\camellia.o
#        D:\Keil\STM32CubeExpansion_Cloud_AWS_V1.4.0\Projects\B-L475E-IOT01A\Applications\Cloud\AWS\EWARM\B-L475E-IOT01\Obj\ccm.o
#        D:\Keil\STM32CubeExpansion_Cloud_AWS_V1.4.0\Projects\B-L475E-IOT01A\Applications\Cloud\AWS\EWARM\B-L475E-IOT01\Obj\certs.o
#        D:\Keil\STM32CubeExpansion_Cloud_AWS_V1.4.0\Projects\B-L475E-IOT01A\Applications\Cloud\AWS\EWARM\B-L475E-IOT01\Obj\cipher.o
#        D:\Keil\STM32CubeExpansion_Cloud_AWS_V1.4.0\Projects\B-L475E-IOT01A\Applications\Cloud\AWS\EWARM\B-L475E-IOT01\Obj\cipher_wrap.o
#        D:\Keil\STM32CubeExpansion_Cloud_AWS_V1.4.0\Projects\B-L475E-IOT01A\Applications\Cloud\AWS\EWARM\B-L475E-IOT01\Obj\cloud.o
#        D:\Keil\STM32CubeExpansion_Cloud_AWS_V1.4.0\Projects\B-L475E-IOT01A\Applications\Cloud\AWS\EWARM\B-L475E-IOT01\Obj\cmac.o
#        D:\Keil\STM32CubeExpansion_Cloud_AWS_V1.4.0\Projects\B-L475E-IOT01A\Applications\Cloud\AWS\EWARM\B-L475E-IOT01\Obj\ctr_drbg.o
#        D:\Keil\STM32CubeExpansion_Cloud_AWS_V1.4.0\Projects\B-L475E-IOT01A\Applications\Cloud\AWS\EWARM\B-L475E-IOT01\Obj\debug.o
#        D:\Keil\STM32CubeExpansion_Cloud_AWS_V1.4.0\Projects\B-L475E-IOT01A\Applications\Cloud\AWS\EWARM\B-L475E-IOT01\Obj\des.o
#        D:\Keil\STM32CubeExpansion_Cloud_AWS_V1.4.0\Projects\B-L475E-IOT01A\Applications\Cloud\AWS\EWARM\B-L475E-IOT01\Obj\dhm.o
#        D:\Keil\STM32CubeExpansion_Cloud_AWS_V1.4.0\Projects\B-L475E-IOT01A\Applications\Cloud\AWS\EWARM\B-L475E-IOT01\Obj\ecdh.o
#        D:\Keil\STM32CubeExpansion_Cloud_AWS_V1.4.0\Projects\B-L475E-IOT01A\Applications\Cloud\AWS\EWARM\B-L475E-IOT01\Obj\ecdsa.o
#        D:\Keil\STM32CubeExpansion_Cloud_AWS_V1.4.0\Projects\B-L475E-IOT01A\Applications\Cloud\AWS\EWARM\B-L475E-IOT01\Obj\ecjpake.o
#        D:\Keil\STM32CubeExpansion_Cloud_AWS_V1.4.0\Projects\B-L475E-IOT01A\Applications\Cloud\AWS\EWARM\B-L475E-IOT01\Obj\ecp.o
#        D:\Keil\STM32CubeExpansion_Cloud_AWS_V1.4.0\Projects\B-L475E-IOT01A\Applications\Cloud\AWS\EWARM\B-L475E-IOT01\Obj\ecp_curves.o
#        D:\Keil\STM32CubeExpansion_Cloud_AWS_V1.4.0\Projects\B-L475E-IOT01A\Applications\Cloud\AWS\EWARM\B-L475E-IOT01\Obj\entropy.o
#        D:\Keil\STM32CubeExpansion_Cloud_AWS_V1.4.0\Projects\B-L475E-IOT01A\Applications\Cloud\AWS\EWARM\B-L475E-IOT01\Obj\entropy_poll.o
#        D:\Keil\STM32CubeExpansion_Cloud_AWS_V1.4.0\Projects\B-L475E-IOT01A\Applications\Cloud\AWS\EWARM\B-L475E-IOT01\Obj\error.o
#        D:\Keil\STM32CubeExpansion_Cloud_AWS_V1.4.0\Projects\B-L475E-IOT01A\Applications\Cloud\AWS\EWARM\B-L475E-IOT01\Obj\es_wifi.o
#        D:\Keil\STM32CubeExpansion_Cloud_AWS_V1.4.0\Projects\B-L475E-IOT01A\Applications\Cloud\AWS\EWARM\B-L475E-IOT01\Obj\flash_l4.o
#        D:\Keil\STM32CubeExpansion_Cloud_AWS_V1.4.0\Projects\B-L475E-IOT01A\Applications\Cloud\AWS\EWARM\B-L475E-IOT01\Obj\gcm.o
#        D:\Keil\STM32CubeExpansion_Cloud_AWS_V1.4.0\Projects\B-L475E-IOT01A\Applications\Cloud\AWS\EWARM\B-L475E-IOT01\Obj\havege.o
#        D:\Keil\STM32CubeExpansion_Cloud_AWS_V1.4.0\Projects\B-L475E-IOT01A\Applications\Cloud\AWS\EWARM\B-L475E-IOT01\Obj\hmac_drbg.o
#        D:\Keil\STM32CubeExpansion_Cloud_AWS_V1.4.0\Projects\B-L475E-IOT01A\Applications\Cloud\AWS\EWARM\B-L475E-IOT01\Obj\hts221.o
#        D:\Keil\STM32CubeExpansion_Cloud_AWS_V1.4.0\Projects\B-L475E-IOT01A\Applications\Cloud\AWS\EWARM\B-L475E-IOT01\Obj\hts221_reg.o
#        D:\Keil\STM32CubeExpansion_Cloud_AWS_V1.4.0\Projects\B-L475E-IOT01A\Applications\Cloud\AWS\EWARM\B-L475E-IOT01\Obj\http_lib.o
#        D:\Keil\STM32CubeExpansion_Cloud_AWS_V1.4.0\Projects\B-L475E-IOT01A\Applications\Cloud\AWS\EWARM\B-L475E-IOT01\Obj\iot_flash_config.o
#        D:\Keil\STM32CubeExpansion_Cloud_AWS_V1.4.0\Projects\B-L475E-IOT01A\Applications\Cloud\AWS\EWARM\B-L475E-IOT01\Obj\jsmn.o
#        D:\Keil\STM32CubeExpansion_Cloud_AWS_V1.4.0\Projects\B-L475E-IOT01A\Applications\Cloud\AWS\EWARM\B-L475E-IOT01\Obj\lis3mdl.o
#        D:\Keil\STM32CubeExpansion_Cloud_AWS_V1.4.0\Projects\B-L475E-IOT01A\Applications\Cloud\AWS\EWARM\B-L475E-IOT01\Obj\lis3mdl_reg.o
#        D:\Keil\STM32CubeExpansion_Cloud_AWS_V1.4.0\Projects\B-L475E-IOT01A\Applications\Cloud\AWS\EWARM\B-L475E-IOT01\Obj\lps22hb.o
#        D:\Keil\STM32CubeExpansion_Cloud_AWS_V1.4.0\Projects\B-L475E-IOT01A\Applications\Cloud\AWS\EWARM\B-L475E-IOT01\Obj\lps22hb_reg.o
#        D:\Keil\STM32CubeExpansion_Cloud_AWS_V1.4.0\Projects\B-L475E-IOT01A\Applications\Cloud\AWS\EWARM\B-L475E-IOT01\Obj\lsm6dsl.o
#        D:\Keil\STM32CubeExpansion_Cloud_AWS_V1.4.0\Projects\B-L475E-IOT01A\Applications\Cloud\AWS\EWARM\B-L475E-IOT01\Obj\lsm6dsl_reg.o
#        D:\Keil\STM32CubeExpansion_Cloud_AWS_V1.4.0\Projects\B-L475E-IOT01A\Applications\Cloud\AWS\EWARM\B-L475E-IOT01\Obj\main.o
#        D:\Keil\STM32CubeExpansion_Cloud_AWS_V1.4.0\Projects\B-L475E-IOT01A\Applications\Cloud\AWS\EWARM\B-L475E-IOT01\Obj\mbedtls_entropy.o
#        D:\Keil\STM32CubeExpansion_Cloud_AWS_V1.4.0\Projects\B-L475E-IOT01A\Applications\Cloud\AWS\EWARM\B-L475E-IOT01\Obj\md.o
#        D:\Keil\STM32CubeExpansion_Cloud_AWS_V1.4.0\Projects\B-L475E-IOT01A\Applications\Cloud\AWS\EWARM\B-L475E-IOT01\Obj\md2.o
#        D:\Keil\STM32CubeExpansion_Cloud_AWS_V1.4.0\Projects\B-L475E-IOT01A\Applications\Cloud\AWS\EWARM\B-L475E-IOT01\Obj\md4.o
#        D:\Keil\STM32CubeExpansion_Cloud_AWS_V1.4.0\Projects\B-L475E-IOT01A\Applications\Cloud\AWS\EWARM\B-L475E-IOT01\Obj\md5.o
#        D:\Keil\STM32CubeExpansion_Cloud_AWS_V1.4.0\Projects\B-L475E-IOT01A\Applications\Cloud\AWS\EWARM\B-L475E-IOT01\Obj\md_wrap.o
#        D:\Keil\STM32CubeExpansion_Cloud_AWS_V1.4.0\Projects\B-L475E-IOT01A\Applications\Cloud\AWS\EWARM\B-L475E-IOT01\Obj\memory_buffer_alloc.o
#        D:\Keil\STM32CubeExpansion_Cloud_AWS_V1.4.0\Projects\B-L475E-IOT01A\Applications\Cloud\AWS\EWARM\B-L475E-IOT01\Obj\net_address.o
#        D:\Keil\STM32CubeExpansion_Cloud_AWS_V1.4.0\Projects\B-L475E-IOT01A\Applications\Cloud\AWS\EWARM\B-L475E-IOT01\Obj\net_class_extension.o
#        D:\Keil\STM32CubeExpansion_Cloud_AWS_V1.4.0\Projects\B-L475E-IOT01A\Applications\Cloud\AWS\EWARM\B-L475E-IOT01\Obj\net_conf.o
#        D:\Keil\STM32CubeExpansion_Cloud_AWS_V1.4.0\Projects\B-L475E-IOT01A\Applications\Cloud\AWS\EWARM\B-L475E-IOT01\Obj\net_core.o
#        D:\Keil\STM32CubeExpansion_Cloud_AWS_V1.4.0\Projects\B-L475E-IOT01A\Applications\Cloud\AWS\EWARM\B-L475E-IOT01\Obj\net_es_wifi.o
#        D:\Keil\STM32CubeExpansion_Cloud_AWS_V1.4.0\Projects\B-L475E-IOT01A\Applications\Cloud\AWS\EWARM\B-L475E-IOT01\Obj\net_mbedtls.o
#        D:\Keil\STM32CubeExpansion_Cloud_AWS_V1.4.0\Projects\B-L475E-IOT01A\Applications\Cloud\AWS\EWARM\B-L475E-IOT01\Obj\net_os.o
#        D:\Keil\STM32CubeExpansion_Cloud_AWS_V1.4.0\Projects\B-L475E-IOT01A\Applications\Cloud\AWS\EWARM\B-L475E-IOT01\Obj\net_socket.o
#        D:\Keil\STM32CubeExpansion_Cloud_AWS_V1.4.0\Projects\B-L475E-IOT01A\Applications\Cloud\AWS\EWARM\B-L475E-IOT01\Obj\oid.o
#        D:\Keil\STM32CubeExpansion_Cloud_AWS_V1.4.0\Projects\B-L475E-IOT01A\Applications\Cloud\AWS\EWARM\B-L475E-IOT01\Obj\padlock.o
#        D:\Keil\STM32CubeExpansion_Cloud_AWS_V1.4.0\Projects\B-L475E-IOT01A\Applications\Cloud\AWS\EWARM\B-L475E-IOT01\Obj\pem.o
#        D:\Keil\STM32CubeExpansion_Cloud_AWS_V1.4.0\Projects\B-L475E-IOT01A\Applications\Cloud\AWS\EWARM\B-L475E-IOT01\Obj\pk.o
#        D:\Keil\STM32CubeExpansion_Cloud_AWS_V1.4.0\Projects\B-L475E-IOT01A\Applications\Cloud\AWS\EWARM\B-L475E-IOT01\Obj\pk_wrap.o
#        D:\Keil\STM32CubeExpansion_Cloud_AWS_V1.4.0\Projects\B-L475E-IOT01A\Applications\Cloud\AWS\EWARM\B-L475E-IOT01\Obj\pkcs11.o
#        D:\Keil\STM32CubeExpansion_Cloud_AWS_V1.4.0\Projects\B-L475E-IOT01A\Applications\Cloud\AWS\EWARM\B-L475E-IOT01\Obj\pkcs12.o
#        D:\Keil\STM32CubeExpansion_Cloud_AWS_V1.4.0\Projects\B-L475E-IOT01A\Applications\Cloud\AWS\EWARM\B-L475E-IOT01\Obj\pkcs5.o
#        D:\Keil\STM32CubeExpansion_Cloud_AWS_V1.4.0\Projects\B-L475E-IOT01A\Applications\Cloud\AWS\EWARM\B-L475E-IOT01\Obj\pkparse.o
#        D:\Keil\STM32CubeExpansion_Cloud_AWS_V1.4.0\Projects\B-L475E-IOT01A\Applications\Cloud\AWS\EWARM\B-L475E-IOT01\Obj\pkwrite.o
#        D:\Keil\STM32CubeExpansion_Cloud_AWS_V1.4.0\Projects\B-L475E-IOT01A\Applications\Cloud\AWS\EWARM\B-L475E-IOT01\Obj\platform.o
#        D:\Keil\STM32CubeExpansion_Cloud_AWS_V1.4.0\Projects\B-L475E-IOT01A\Applications\Cloud\AWS\EWARM\B-L475E-IOT01\Obj\platform_util.o
#        D:\Keil\STM32CubeExpansion_Cloud_AWS_V1.4.0\Projects\B-L475E-IOT01A\Applications\Cloud\AWS\EWARM\B-L475E-IOT01\Obj\rfu.o
#        D:\Keil\STM32CubeExpansion_Cloud_AWS_V1.4.0\Projects\B-L475E-IOT01A\Applications\Cloud\AWS\EWARM\B-L475E-IOT01\Obj\ripemd160.o
#        D:\Keil\STM32CubeExpansion_Cloud_AWS_V1.4.0\Projects\B-L475E-IOT01A\Applications\Cloud\AWS\EWARM\B-L475E-IOT01\Obj\rsa.o
#        D:\Keil\STM32CubeExpansion_Cloud_AWS_V1.4.0\Projects\B-L475E-IOT01A\Applications\Cloud\AWS\EWARM\B-L475E-IOT01\Obj\rsa_internal.o
#        D:\Keil\STM32CubeExpansion_Cloud_AWS_V1.4.0\Projects\B-L475E-IOT01A\Applications\Cloud\AWS\EWARM\B-L475E-IOT01\Obj\sensors_data.o
#        D:\Keil\STM32CubeExpansion_Cloud_AWS_V1.4.0\Projects\B-L475E-IOT01A\Applications\Cloud\AWS\EWARM\B-L475E-IOT01\Obj\set_credentials.o
#        D:\Keil\STM32CubeExpansion_Cloud_AWS_V1.4.0\Projects\B-L475E-IOT01A\Applications\Cloud\AWS\EWARM\B-L475E-IOT01\Obj\sha1.o
#        D:\Keil\STM32CubeExpansion_Cloud_AWS_V1.4.0\Projects\B-L475E-IOT01A\Applications\Cloud\AWS\EWARM\B-L475E-IOT01\Obj\sha256.o
#        D:\Keil\STM32CubeExpansion_Cloud_AWS_V1.4.0\Projects\B-L475E-IOT01A\Applications\Cloud\AWS\EWARM\B-L475E-IOT01\Obj\sha512.o
#        D:\Keil\STM32CubeExpansion_Cloud_AWS_V1.4.0\Projects\B-L475E-IOT01A\Applications\Cloud\AWS\EWARM\B-L475E-IOT01\Obj\ssl_cache.o
#        D:\Keil\STM32CubeExpansion_Cloud_AWS_V1.4.0\Projects\B-L475E-IOT01A\Applications\Cloud\AWS\EWARM\B-L475E-IOT01\Obj\ssl_ciphersuites.o
#        D:\Keil\STM32CubeExpansion_Cloud_AWS_V1.4.0\Projects\B-L475E-IOT01A\Applications\Cloud\AWS\EWARM\B-L475E-IOT01\Obj\ssl_cli.o
#        D:\Keil\STM32CubeExpansion_Cloud_AWS_V1.4.0\Projects\B-L475E-IOT01A\Applications\Cloud\AWS\EWARM\B-L475E-IOT01\Obj\ssl_cookie.o
#        D:\Keil\STM32CubeExpansion_Cloud_AWS_V1.4.0\Projects\B-L475E-IOT01A\Applications\Cloud\AWS\EWARM\B-L475E-IOT01\Obj\ssl_srv.o
#        D:\Keil\STM32CubeExpansion_Cloud_AWS_V1.4.0\Projects\B-L475E-IOT01A\Applications\Cloud\AWS\EWARM\B-L475E-IOT01\Obj\ssl_ticket.o
#        D:\Keil\STM32CubeExpansion_Cloud_AWS_V1.4.0\Projects\B-L475E-IOT01A\Applications\Cloud\AWS\EWARM\B-L475E-IOT01\Obj\ssl_tls.o
#        D:\Keil\STM32CubeExpansion_Cloud_AWS_V1.4.0\Projects\B-L475E-IOT01A\Applications\Cloud\AWS\EWARM\B-L475E-IOT01\Obj\startup_stm32l475xx.o
#        D:\Keil\STM32CubeExpansion_Cloud_AWS_V1.4.0\Projects\B-L475E-IOT01A\Applications\Cloud\AWS\EWARM\B-L475E-IOT01\Obj\STM32CubeRTCInterface.o
#        D:\Keil\STM32CubeExpansion_Cloud_AWS_V1.4.0\Projects\B-L475E-IOT01A\Applications\Cloud\AWS\EWARM\B-L475E-IOT01\Obj\stm32l475e_iot01.o
#        D:\Keil\STM32CubeExpansion_Cloud_AWS_V1.4.0\Projects\B-L475E-IOT01A\Applications\Cloud\AWS\EWARM\B-L475E-IOT01\Obj\stm32l475e_iot01_bus.o
#        D:\Keil\STM32CubeExpansion_Cloud_AWS_V1.4.0\Projects\B-L475E-IOT01A\Applications\Cloud\AWS\EWARM\B-L475E-IOT01\Obj\stm32l475e_iot01_env_sensors.o
#        D:\Keil\STM32CubeExpansion_Cloud_AWS_V1.4.0\Projects\B-L475E-IOT01A\Applications\Cloud\AWS\EWARM\B-L475E-IOT01\Obj\stm32l475e_iot01_motion_sensors.o
#        D:\Keil\STM32CubeExpansion_Cloud_AWS_V1.4.0\Projects\B-L475E-IOT01A\Applications\Cloud\AWS\EWARM\B-L475E-IOT01\Obj\stm32l4xx_hal.o
#        D:\Keil\STM32CubeExpansion_Cloud_AWS_V1.4.0\Projects\B-L475E-IOT01A\Applications\Cloud\AWS\EWARM\B-L475E-IOT01\Obj\stm32l4xx_hal_can.o
#        D:\Keil\STM32CubeExpansion_Cloud_AWS_V1.4.0\Projects\B-L475E-IOT01A\Applications\Cloud\AWS\EWARM\B-L475E-IOT01\Obj\stm32l4xx_hal_cortex.o
#        D:\Keil\STM32CubeExpansion_Cloud_AWS_V1.4.0\Projects\B-L475E-IOT01A\Applications\Cloud\AWS\EWARM\B-L475E-IOT01\Obj\stm32l4xx_hal_crc.o
#        D:\Keil\STM32CubeExpansion_Cloud_AWS_V1.4.0\Projects\B-L475E-IOT01A\Applications\Cloud\AWS\EWARM\B-L475E-IOT01\Obj\stm32l4xx_hal_crc_ex.o
#        D:\Keil\STM32CubeExpansion_Cloud_AWS_V1.4.0\Projects\B-L475E-IOT01A\Applications\Cloud\AWS\EWARM\B-L475E-IOT01\Obj\stm32l4xx_hal_cryp.o
#        D:\Keil\STM32CubeExpansion_Cloud_AWS_V1.4.0\Projects\B-L475E-IOT01A\Applications\Cloud\AWS\EWARM\B-L475E-IOT01\Obj\stm32l4xx_hal_cryp_ex.o
#        D:\Keil\STM32CubeExpansion_Cloud_AWS_V1.4.0\Projects\B-L475E-IOT01A\Applications\Cloud\AWS\EWARM\B-L475E-IOT01\Obj\stm32l4xx_hal_dac.o
#        D:\Keil\STM32CubeExpansion_Cloud_AWS_V1.4.0\Projects\B-L475E-IOT01A\Applications\Cloud\AWS\EWARM\B-L475E-IOT01\Obj\stm32l4xx_hal_dac_ex.o
#        D:\Keil\STM32CubeExpansion_Cloud_AWS_V1.4.0\Projects\B-L475E-IOT01A\Applications\Cloud\AWS\EWARM\B-L475E-IOT01\Obj\stm32l4xx_hal_dfsdm.o
#        D:\Keil\STM32CubeExpansion_Cloud_AWS_V1.4.0\Projects\B-L475E-IOT01A\Applications\Cloud\AWS\EWARM\B-L475E-IOT01\Obj\stm32l4xx_hal_dfsdm_ex.o
#        D:\Keil\STM32CubeExpansion_Cloud_AWS_V1.4.0\Projects\B-L475E-IOT01A\Applications\Cloud\AWS\EWARM\B-L475E-IOT01\Obj\stm32l4xx_hal_dma.o
#        D:\Keil\STM32CubeExpansion_Cloud_AWS_V1.4.0\Projects\B-L475E-IOT01A\Applications\Cloud\AWS\EWARM\B-L475E-IOT01\Obj\stm32l4xx_hal_dma_ex.o
#        D:\Keil\STM32CubeExpansion_Cloud_AWS_V1.4.0\Projects\B-L475E-IOT01A\Applications\Cloud\AWS\EWARM\B-L475E-IOT01\Obj\stm32l4xx_hal_exti.o
#        D:\Keil\STM32CubeExpansion_Cloud_AWS_V1.4.0\Projects\B-L475E-IOT01A\Applications\Cloud\AWS\EWARM\B-L475E-IOT01\Obj\stm32l4xx_hal_flash.o
#        D:\Keil\STM32CubeExpansion_Cloud_AWS_V1.4.0\Projects\B-L475E-IOT01A\Applications\Cloud\AWS\EWARM\B-L475E-IOT01\Obj\stm32l4xx_hal_flash_ex.o
#        D:\Keil\STM32CubeExpansion_Cloud_AWS_V1.4.0\Projects\B-L475E-IOT01A\Applications\Cloud\AWS\EWARM\B-L475E-IOT01\Obj\stm32l4xx_hal_gpio.o
#        D:\Keil\STM32CubeExpansion_Cloud_AWS_V1.4.0\Projects\B-L475E-IOT01A\Applications\Cloud\AWS\EWARM\B-L475E-IOT01\Obj\stm32l4xx_hal_hash.o
#        D:\Keil\STM32CubeExpansion_Cloud_AWS_V1.4.0\Projects\B-L475E-IOT01A\Applications\Cloud\AWS\EWARM\B-L475E-IOT01\Obj\stm32l4xx_hal_hash_ex.o
#        D:\Keil\STM32CubeExpansion_Cloud_AWS_V1.4.0\Projects\B-L475E-IOT01A\Applications\Cloud\AWS\EWARM\B-L475E-IOT01\Obj\stm32l4xx_hal_i2c.o
#        D:\Keil\STM32CubeExpansion_Cloud_AWS_V1.4.0\Projects\B-L475E-IOT01A\Applications\Cloud\AWS\EWARM\B-L475E-IOT01\Obj\stm32l4xx_hal_i2c_ex.o
#        D:\Keil\STM32CubeExpansion_Cloud_AWS_V1.4.0\Projects\B-L475E-IOT01A\Applications\Cloud\AWS\EWARM\B-L475E-IOT01\Obj\stm32l4xx_hal_iwdg.o
#        D:\Keil\STM32CubeExpansion_Cloud_AWS_V1.4.0\Projects\B-L475E-IOT01A\Applications\Cloud\AWS\EWARM\B-L475E-IOT01\Obj\stm32l4xx_hal_lptim.o
#        D:\Keil\STM32CubeExpansion_Cloud_AWS_V1.4.0\Projects\B-L475E-IOT01A\Applications\Cloud\AWS\EWARM\B-L475E-IOT01\Obj\stm32l4xx_hal_msp.o
#        D:\Keil\STM32CubeExpansion_Cloud_AWS_V1.4.0\Projects\B-L475E-IOT01A\Applications\Cloud\AWS\EWARM\B-L475E-IOT01\Obj\stm32l4xx_hal_nand.o
#        D:\Keil\STM32CubeExpansion_Cloud_AWS_V1.4.0\Projects\B-L475E-IOT01A\Applications\Cloud\AWS\EWARM\B-L475E-IOT01\Obj\stm32l4xx_hal_nor.o
#        D:\Keil\STM32CubeExpansion_Cloud_AWS_V1.4.0\Projects\B-L475E-IOT01A\Applications\Cloud\AWS\EWARM\B-L475E-IOT01\Obj\stm32l4xx_hal_pwr.o
#        D:\Keil\STM32CubeExpansion_Cloud_AWS_V1.4.0\Projects\B-L475E-IOT01A\Applications\Cloud\AWS\EWARM\B-L475E-IOT01\Obj\stm32l4xx_hal_pwr_ex.o
#        D:\Keil\STM32CubeExpansion_Cloud_AWS_V1.4.0\Projects\B-L475E-IOT01A\Applications\Cloud\AWS\EWARM\B-L475E-IOT01\Obj\stm32l4xx_hal_qspi.o
#        D:\Keil\STM32CubeExpansion_Cloud_AWS_V1.4.0\Projects\B-L475E-IOT01A\Applications\Cloud\AWS\EWARM\B-L475E-IOT01\Obj\stm32l4xx_hal_rcc.o
#        D:\Keil\STM32CubeExpansion_Cloud_AWS_V1.4.0\Projects\B-L475E-IOT01A\Applications\Cloud\AWS\EWARM\B-L475E-IOT01\Obj\stm32l4xx_hal_rcc_ex.o
#        D:\Keil\STM32CubeExpansion_Cloud_AWS_V1.4.0\Projects\B-L475E-IOT01A\Applications\Cloud\AWS\EWARM\B-L475E-IOT01\Obj\stm32l4xx_hal_rng.o
#        D:\Keil\STM32CubeExpansion_Cloud_AWS_V1.4.0\Projects\B-L475E-IOT01A\Applications\Cloud\AWS\EWARM\B-L475E-IOT01\Obj\stm32l4xx_hal_rtc.o
#        D:\Keil\STM32CubeExpansion_Cloud_AWS_V1.4.0\Projects\B-L475E-IOT01A\Applications\Cloud\AWS\EWARM\B-L475E-IOT01\Obj\stm32l4xx_hal_rtc_ex.o
#        D:\Keil\STM32CubeExpansion_Cloud_AWS_V1.4.0\Projects\B-L475E-IOT01A\Applications\Cloud\AWS\EWARM\B-L475E-IOT01\Obj\stm32l4xx_hal_spi.o
#        D:\Keil\STM32CubeExpansion_Cloud_AWS_V1.4.0\Projects\B-L475E-IOT01A\Applications\Cloud\AWS\EWARM\B-L475E-IOT01\Obj\stm32l4xx_hal_spi_ex.o
#        D:\Keil\STM32CubeExpansion_Cloud_AWS_V1.4.0\Projects\B-L475E-IOT01A\Applications\Cloud\AWS\EWARM\B-L475E-IOT01\Obj\stm32l4xx_hal_sram.o
#        D:\Keil\STM32CubeExpansion_Cloud_AWS_V1.4.0\Projects\B-L475E-IOT01A\Applications\Cloud\AWS\EWARM\B-L475E-IOT01\Obj\stm32l4xx_hal_tim.o
#        D:\Keil\STM32CubeExpansion_Cloud_AWS_V1.4.0\Projects\B-L475E-IOT01A\Applications\Cloud\AWS\EWARM\B-L475E-IOT01\Obj\stm32l4xx_hal_tim_ex.o
#        D:\Keil\STM32CubeExpansion_Cloud_AWS_V1.4.0\Projects\B-L475E-IOT01A\Applications\Cloud\AWS\EWARM\B-L475E-IOT01\Obj\stm32l4xx_hal_uart.o
#        D:\Keil\STM32CubeExpansion_Cloud_AWS_V1.4.0\Projects\B-L475E-IOT01A\Applications\Cloud\AWS\EWARM\B-L475E-IOT01\Obj\stm32l4xx_hal_uart_ex.o
#        D:\Keil\STM32CubeExpansion_Cloud_AWS_V1.4.0\Projects\B-L475E-IOT01A\Applications\Cloud\AWS\EWARM\B-L475E-IOT01\Obj\stm32l4xx_hal_usart.o
#        D:\Keil\STM32CubeExpansion_Cloud_AWS_V1.4.0\Projects\B-L475E-IOT01A\Applications\Cloud\AWS\EWARM\B-L475E-IOT01\Obj\stm32l4xx_hal_usart_ex.o
#        D:\Keil\STM32CubeExpansion_Cloud_AWS_V1.4.0\Projects\B-L475E-IOT01A\Applications\Cloud\AWS\EWARM\B-L475E-IOT01\Obj\stm32l4xx_hal_wwdg.o
#        D:\Keil\STM32CubeExpansion_Cloud_AWS_V1.4.0\Projects\B-L475E-IOT01A\Applications\Cloud\AWS\EWARM\B-L475E-IOT01\Obj\stm32l4xx_it.o
#        D:\Keil\STM32CubeExpansion_Cloud_AWS_V1.4.0\Projects\B-L475E-IOT01A\Applications\Cloud\AWS\EWARM\B-L475E-IOT01\Obj\stm32l4xx_ll_fmc.o
#        D:\Keil\STM32CubeExpansion_Cloud_AWS_V1.4.0\Projects\B-L475E-IOT01A\Applications\Cloud\AWS\EWARM\B-L475E-IOT01\Obj\system_stm32l4xx.o
#        D:\Keil\STM32CubeExpansion_Cloud_AWS_V1.4.0\Projects\B-L475E-IOT01A\Applications\Cloud\AWS\EWARM\B-L475E-IOT01\Obj\threading.o
#        D:\Keil\STM32CubeExpansion_Cloud_AWS_V1.4.0\Projects\B-L475E-IOT01A\Applications\Cloud\AWS\EWARM\B-L475E-IOT01\Obj\timedate.o
#        D:\Keil\STM32CubeExpansion_Cloud_AWS_V1.4.0\Projects\B-L475E-IOT01A\Applications\Cloud\AWS\EWARM\B-L475E-IOT01\Obj\timing.o
#        D:\Keil\STM32CubeExpansion_Cloud_AWS_V1.4.0\Projects\B-L475E-IOT01A\Applications\Cloud\AWS\EWARM\B-L475E-IOT01\Obj\timingSystem.o
#        D:\Keil\STM32CubeExpansion_Cloud_AWS_V1.4.0\Projects\B-L475E-IOT01A\Applications\Cloud\AWS\EWARM\B-L475E-IOT01\Obj\version.o
#        D:\Keil\STM32CubeExpansion_Cloud_AWS_V1.4.0\Projects\B-L475E-IOT01A\Applications\Cloud\AWS\EWARM\B-L475E-IOT01\Obj\version_features.o
#        D:\Keil\STM32CubeExpansion_Cloud_AWS_V1.4.0\Projects\B-L475E-IOT01A\Applications\Cloud\AWS\EWARM\B-L475E-IOT01\Obj\vl53l0x_api.o
#        D:\Keil\STM32CubeExpansion_Cloud_AWS_V1.4.0\Projects\B-L475E-IOT01A\Applications\Cloud\AWS\EWARM\B-L475E-IOT01\Obj\vl53l0x_api_calibration.o
#        D:\Keil\STM32CubeExpansion_Cloud_AWS_V1.4.0\Projects\B-L475E-IOT01A\Applications\Cloud\AWS\EWARM\B-L475E-IOT01\Obj\vl53l0x_api_core.o
#        D:\Keil\STM32CubeExpansion_Cloud_AWS_V1.4.0\Projects\B-L475E-IOT01A\Applications\Cloud\AWS\EWARM\B-L475E-IOT01\Obj\vl53l0x_api_ranging.o
#        D:\Keil\STM32CubeExpansion_Cloud_AWS_V1.4.0\Projects\B-L475E-IOT01A\Applications\Cloud\AWS\EWARM\B-L475E-IOT01\Obj\vl53l0x_api_strings.o
#        D:\Keil\STM32CubeExpansion_Cloud_AWS_V1.4.0\Projects\B-L475E-IOT01A\Applications\Cloud\AWS\EWARM\B-L475E-IOT01\Obj\vl53l0x_platform.o
#        D:\Keil\STM32CubeExpansion_Cloud_AWS_V1.4.0\Projects\B-L475E-IOT01A\Applications\Cloud\AWS\EWARM\B-L475E-IOT01\Obj\vl53l0x_platform_log.o
#        D:\Keil\STM32CubeExpansion_Cloud_AWS_V1.4.0\Projects\B-L475E-IOT01A\Applications\Cloud\AWS\EWARM\B-L475E-IOT01\Obj\vl53l0x_proximity.o
#        D:\Keil\STM32CubeExpansion_Cloud_AWS_V1.4.0\Projects\B-L475E-IOT01A\Applications\Cloud\AWS\EWARM\B-L475E-IOT01\Obj\x509.o
#        D:\Keil\STM32CubeExpansion_Cloud_AWS_V1.4.0\Projects\B-L475E-IOT01A\Applications\Cloud\AWS\EWARM\B-L475E-IOT01\Obj\x509_create.o
#        D:\Keil\STM32CubeExpansion_Cloud_AWS_V1.4.0\Projects\B-L475E-IOT01A\Applications\Cloud\AWS\EWARM\B-L475E-IOT01\Obj\x509_crl.o
#        D:\Keil\STM32CubeExpansion_Cloud_AWS_V1.4.0\Projects\B-L475E-IOT01A\Applications\Cloud\AWS\EWARM\B-L475E-IOT01\Obj\x509_crt.o
#        D:\Keil\STM32CubeExpansion_Cloud_AWS_V1.4.0\Projects\B-L475E-IOT01A\Applications\Cloud\AWS\EWARM\B-L475E-IOT01\Obj\x509_csr.o
#        D:\Keil\STM32CubeExpansion_Cloud_AWS_V1.4.0\Projects\B-L475E-IOT01A\Applications\Cloud\AWS\EWARM\B-L475E-IOT01\Obj\x509write_crt.o
#        D:\Keil\STM32CubeExpansion_Cloud_AWS_V1.4.0\Projects\B-L475E-IOT01A\Applications\Cloud\AWS\EWARM\B-L475E-IOT01\Obj\x509write_csr.o
#        D:\Keil\STM32CubeExpansion_Cloud_AWS_V1.4.0\Projects\B-L475E-IOT01A\Applications\Cloud\AWS\EWARM\B-L475E-IOT01\Obj\xtea.o
#        --redirect _Printf=_PrintfFull --redirect _Scanf=_ScanfFull
#        --no_out_extension -o
#        D:\Keil\STM32CubeExpansion_Cloud_AWS_V1.4.0\Projects\B-L475E-IOT01A\Applications\Cloud\AWS\EWARM\B-L475E-IOT01\Exe\B-L475E-IOT01.out
#        --map
#        D:\Keil\STM32CubeExpansion_Cloud_AWS_V1.4.0\Projects\B-L475E-IOT01A\Applications\Cloud\AWS\EWARM\B-L475E-IOT01\List\B-L475E-IOT01.map
#        --config
#        D:\Keil\STM32CubeExpansion_Cloud_AWS_V1.4.0\Projects\B-L475E-IOT01A\Applications\Cloud\AWS\EWARM/stm32l475xx_flash_for_sfu.icf
#        --config_search
#        D:\Keil\STM32CubeExpansion_Cloud_AWS_V1.4.0\Projects\B-L475E-IOT01A\Applications\Cloud\AWS\EWARM\..\..\..\BootLoader_OSC\Linker_Common\EWARM\
#        --semihosting
#        D:\Keil\STM32CubeExpansion_Cloud_AWS_V1.4.0\Projects\B-L475E-IOT01A\Applications\Cloud\AWS\EWARM\..\..\..\BootLoader_OSC\2_Images_SBSFU\EWARM\se_interface_appli.o
#        --entry __iar_program_start --vfe --text_out locale)
#
###############################################################################

*******************************************************************************
*** RUNTIME MODEL ATTRIBUTES
***

CppFlavor       = *
__Heap_Handler  = DLMalloc
__SystemLibrary = DLib
__dlib_version  = 6


*******************************************************************************
*** HEAP SELECTION
***

The advanced heap was selected because the application calls memory
allocation functions outside of system library functions, and there
are calls to deallocation functions in the application.


*******************************************************************************
*** PLACEMENT SUMMARY
***

"A0":  place at address 0x808'0a00 { ro section .intvec };
"P1":  place in [from 0x808'0a00 to 0x80e'e7ff] {
          ro, last section aes_block_padding };
define block CSTACK with size = 8K, alignment = 8 { };
define block HEAP with size = 69376, alignment = 8 { };
"P2":  place in [from 0x2000'27ff to 0x2001'7fff] {
          block CSTACK, rw, block HEAP };
initialize by copy { rw };

  Section            Kind         Address      Size  Object
  -------            ----         -------      ----  ------
"A0":                                         0x188
  .intvec            ro code   0x808'0a00     0x188  startup_stm32l475xx.o [2]
                             - 0x808'0b88     0x188

"P1":                                      0x3'38c8
  .rodata            const     0x808'0b88      0x80  gcm.o [2]
  .rodata            const     0x808'0c08     0x280  sha512.o [2]
  .rodata            const     0x808'0e88      0x48  strto64.o [4]
  .rodata            const     0x808'0ed0     0x100  aes.o [2]
  .rodata            const     0x808'0fd0    0x1000  aes.o [2]
  .rodata            const     0x808'1fd0     0x100  aes.o [2]
  .rodata            const     0x808'20d0     0x400  aes.o [2]
  .rodata            const     0x808'24d0     0x400  aes.o [2]
  .rodata            const     0x808'28d0     0x400  aes.o [2]
  .rodata            const     0x808'2cd0     0x400  aes.o [2]
  .rodata            const     0x808'30d0      0x28  aes.o [2]
  .rodata            const     0x808'30f8       0x8  aws_iot_jobs_types.o [2]
  .rodata            const     0x808'3100       0xc  aws_iot_jobs_types.o [2]
  .rodata            const     0x808'310c       0x8  aws_iot_jobs_types.o [2]
  .rodata            const     0x808'3114       0xc  aws_iot_jobs_types.o [2]
  .rodata            const     0x808'3120       0xc  aws_iot_jobs_types.o [2]
  .rodata            const     0x808'312c       0xc  aws_iot_jobs_types.o [2]
  .rodata            const     0x808'3138      0x30  aws_iot_mqtt_client.o [2]
  .rodata            const     0x808'3168      0x38  aws_iot_mqtt_client.o [2]
  .rodata            const     0x808'31a0      0x38  aws_iot_mqtt_client.o [2]
  .rodata            const     0x808'31d8      0x8c  aws_network_st_wrapper.o [2]
  .rodata            const     0x808'3264      0x30  aws_network_st_wrapper.o [2]
  .rodata            const     0x808'3294      0xac  aws_subscribe_publish_sensor_values.o [2]
  .rodata            const     0x808'3340      0x7c  aws_subscribe_publish_sensor_values.o [2]
  .rodata            const     0x808'33bc      0xd0  aws_subscribe_publish_sensor_values.o [2]
  .rodata            const     0x808'348c     0x1cc  aws_subscribe_publish_sensor_values.o [2]
  .rodata            const     0x808'3658      0x28  aws_subscribe_publish_sensor_values.o [2]
  .rodata            const     0x808'3680      0x28  aws_subscribe_publish_sensor_values.o [2]
  .rodata            const     0x808'36a8     0x3dc  aws_subscribe_publish_sensor_values.o [2]
  .rodata            const     0x808'3a84      0x80  base64.o [2]
  .rodata            const     0x808'3b04       0xc  cipher_wrap.o [2]
  .rodata            const     0x808'3b10       0xc  cipher_wrap.o [2]
  .rodata            const     0x808'3b1c       0xc  cipher_wrap.o [2]
  .rodata            const     0x808'3b28       0xc  cipher_wrap.o [2]
  .rodata            const     0x808'3b34       0xc  cipher_wrap.o [2]
  .rodata            const     0x808'3b40       0xc  cipher_wrap.o [2]
  .rodata            const     0x808'3b4c      0x18  cipher_wrap.o [2]
  .rodata            const     0x808'3b64      0x1c  cipher_wrap.o [2]
  .rodata            const     0x808'3b80      0x1c  cipher_wrap.o [2]
  .rodata            const     0x808'3b9c      0x1c  cipher_wrap.o [2]
  .rodata            const     0x808'3bb8      0x18  cipher_wrap.o [2]
  .rodata            const     0x808'3bd0      0x1c  cipher_wrap.o [2]
  .rodata            const     0x808'3bec      0x1c  cipher_wrap.o [2]
  .rodata            const     0x808'3c08      0x1c  cipher_wrap.o [2]
  .rodata            const     0x808'3c24      0x38  cipher_wrap.o [2]
  .rodata            const     0x808'3c5c     0x10c  cloud.o [2]
  .rodata            const     0x808'3d68      0x34  cloud.o [2]
  .rodata            const     0x808'3d9c     0x2f0  cloud.o [2]
  .rodata            const     0x808'408c      0x58  cloud.o [2]
  .rodata            const     0x808'40e4       0xc  ecp.o [2]
  .rodata            const     0x808'40f0      0x10  ecp.o [2]
  .rodata            const     0x808'4100       0xc  ecp.o [2]
  .rodata            const     0x808'410c       0xc  ecp.o [2]
  .rodata            const     0x808'4118      0x10  ecp.o [2]
  .rodata            const     0x808'4128      0x48  ecp.o [2]
  .rodata            const     0x808'4170     0x210  ecp_curves.o [2]
  .rodata            const     0x808'4380      0x7c  es_wifi.o [2]
  .rodata            const     0x808'43fc      0xc0  flash_l4.o [2]
  .rodata            const     0x808'44bc      0x24  flash_l4.o [2]
  .rodata            const     0x808'44e0      0x24  http_lib.o [2]
  .rodata            const     0x808'4504      0x28  http_lib.o [2]
  .rodata            const     0x808'452c      0x24  http_lib.o [2]
  .rodata            const     0x808'4550      0x80  http_lib.o [2]
  .rodata            const     0x808'45d0      0xc4  iot_flash_config.o [2]
  .rodata            const     0x808'4694      0x30  iot_flash_config.o [2]
  .rodata            const     0x808'46c4      0x3c  iot_flash_config.o [2]
  .rodata            const     0x808'4700     0x1cc  iot_flash_config.o [2]
  .rodata            const     0x808'48cc      0x30  iot_flash_config.o [2]
  .rodata            const     0x808'48fc     0x29c  iot_flash_config.o [2]
  .rodata            const     0x808'4b98      0x30  iot_flash_config.o [2]
  .rodata            const     0x808'4bc8      0x40  md5.o [2]
  .rodata            const     0x808'4c08       0x4  md_wrap.o [2]
  .rodata            const     0x808'4c0c       0x8  md_wrap.o [2]
  .rodata            const     0x808'4c14       0x8  md_wrap.o [2]
  .rodata            const     0x808'4c1c       0x8  md_wrap.o [2]
  .rodata            const     0x808'4c24       0x8  md_wrap.o [2]
  .rodata            const     0x808'4c2c       0x8  md_wrap.o [2]
  .rodata            const     0x808'4c34      0x30  md_wrap.o [2]
  .rodata            const     0x808'4c64      0x30  md_wrap.o [2]
  .rodata            const     0x808'4c94      0x30  md_wrap.o [2]
  .rodata            const     0x808'4cc4      0x30  md_wrap.o [2]
  .rodata            const     0x808'4cf4      0x30  md_wrap.o [2]
  .rodata            const     0x808'4d24      0x30  md_wrap.o [2]
  .rodata            const     0x808'4d54      0x10  net_conf.o [2]
  .rodata            const     0x808'4d64       0x4  net_conf.o [2]
  .rodata            const     0x808'4d68     0x150  net_core.o [2]
  .rodata            const     0x808'4eb8      0xa8  net_es_wifi.o [2]
  .rodata            const     0x808'4f60     0x3a8  net_mbedtls.o [2]
  .rodata            const     0x808'5308     0x3e8  net_socket.o [2]
  .rodata            const     0x808'56f0       0x4  oid.o [2]
  .rodata            const     0x808'56f4      0x14  oid.o [2]
  .rodata            const     0x808'5708       0xc  oid.o [2]
  .rodata            const     0x808'5714       0x4  oid.o [2]
  .rodata            const     0x808'5718       0x4  oid.o [2]
  .rodata            const     0x808'571c      0x14  oid.o [2]
  .rodata            const     0x808'5730       0x8  oid.o [2]
  .rodata            const     0x808'5738       0x4  oid.o [2]
  .rodata            const     0x808'573c      0x10  oid.o [2]
  .rodata            const     0x808'574c       0xc  oid.o [2]
  .rodata            const     0x808'5758       0x4  oid.o [2]
  .rodata            const     0x808'575c       0xc  oid.o [2]
  .rodata            const     0x808'5768       0x8  oid.o [2]
  .rodata            const     0x808'5770       0x4  oid.o [2]
  .rodata            const     0x808'5774       0x4  oid.o [2]
  .rodata            const     0x808'5778      0x18  oid.o [2]
  .rodata            const     0x808'5790      0x10  oid.o [2]
  .rodata            const     0x808'57a0       0x4  oid.o [2]
  .rodata            const     0x808'57a4      0x20  oid.o [2]
  .rodata            const     0x808'57c4       0xc  oid.o [2]
  .rodata            const     0x808'57d0       0x4  oid.o [2]
  .rodata            const     0x808'57d4       0xc  oid.o [2]
  .rodata            const     0x808'57e0      0x10  oid.o [2]
  .rodata            const     0x808'57f0      0x10  oid.o [2]
  .rodata            const     0x808'5800       0x4  oid.o [2]
  .rodata            const     0x808'5804      0x14  oid.o [2]
  .rodata            const     0x808'5818      0x10  oid.o [2]
  .rodata            const     0x808'5828      0x10  oid.o [2]
  .rodata            const     0x808'5838       0x4  oid.o [2]
  .rodata            const     0x808'583c      0x14  oid.o [2]
  .rodata            const     0x808'5850      0x10  oid.o [2]
  .rodata            const     0x808'5860      0x10  oid.o [2]
  .rodata            const     0x808'5870       0x4  oid.o [2]
  .rodata            const     0x808'5874      0x14  oid.o [2]
  .rodata            const     0x808'5888       0xc  oid.o [2]
  .rodata            const     0x808'5894       0xc  oid.o [2]
  .rodata            const     0x808'58a0       0x4  oid.o [2]
  .rodata            const     0x808'58a4      0x10  oid.o [2]
  .rodata            const     0x808'58b4       0x8  oid.o [2]
  .rodata            const     0x808'58bc       0x4  oid.o [2]
  .rodata            const     0x808'58c0       0x4  oid.o [2]
  .rodata            const     0x808'58c4      0x10  oid.o [2]
  .rodata            const     0x808'58d4       0xc  oid.o [2]
  .rodata            const     0x808'58e0       0x4  oid.o [2]
  .rodata            const     0x808'58e4       0x4  oid.o [2]
  .rodata            const     0x808'58e8      0x10  oid.o [2]
  .rodata            const     0x808'58f8       0xc  oid.o [2]
  .rodata            const     0x808'5904       0xc  oid.o [2]
  .rodata            const     0x808'5910       0x4  oid.o [2]
  .rodata            const     0x808'5914      0x1c  oid.o [2]
  .rodata            const     0x808'5930      0x18  oid.o [2]
  .rodata            const     0x808'5948      0x14  oid.o [2]
  .rodata            const     0x808'595c       0x4  oid.o [2]
  .rodata            const     0x808'5960       0xc  oid.o [2]
  .rodata            const     0x808'596c       0x8  oid.o [2]
  .rodata            const     0x808'5974       0x8  oid.o [2]
  .rodata            const     0x808'597c       0x4  oid.o [2]
  .rodata            const     0x808'5980      0x14  oid.o [2]
  .rodata            const     0x808'5994      0x20  oid.o [2]
  .rodata            const     0x808'59b4       0xc  oid.o [2]
  .rodata            const     0x808'59c0       0x4  oid.o [2]
  .rodata            const     0x808'59c4      0x10  oid.o [2]
  .rodata            const     0x808'59d4       0xc  oid.o [2]
  .rodata            const     0x808'59e0       0xc  oid.o [2]
  .rodata            const     0x808'59ec       0xc  oid.o [2]
  .rodata            const     0x808'59f8      0x14  oid.o [2]
  .rodata            const     0x808'5a0c      0x14  oid.o [2]
  .rodata            const     0x808'5a20       0x4  oid.o [2]
  .rodata            const     0x808'5a24       0x4  oid.o [2]
  .rodata            const     0x808'5a28      0x18  oid.o [2]
  .rodata            const     0x808'5a40      0x14  oid.o [2]
  .rodata            const     0x808'5a54      0x14  oid.o [2]
  .rodata            const     0x808'5a68       0x4  oid.o [2]
  .rodata            const     0x808'5a6c      0x18  oid.o [2]
  .rodata            const     0x808'5a84      0x14  oid.o [2]
  .rodata            const     0x808'5a98       0x4  oid.o [2]
  .rodata            const     0x808'5a9c      0x10  oid.o [2]
  .rodata            const     0x808'5aac       0xc  oid.o [2]
  .rodata            const     0x808'5ab8       0x4  oid.o [2]
  .rodata            const     0x808'5abc      0x14  oid.o [2]
  .rodata            const     0x808'5ad0      0x14  oid.o [2]
  .rodata            const     0x808'5ae4       0x4  oid.o [2]
  .rodata            const     0x808'5ae8      0x18  oid.o [2]
  .rodata            const     0x808'5b00      0x14  oid.o [2]
  .rodata            const     0x808'5b14       0xc  oid.o [2]
  .rodata            const     0x808'5b20      0x18  oid.o [2]
  .rodata            const     0x808'5b38      0x1c  oid.o [2]
  .rodata            const     0x808'5b54       0xc  oid.o [2]
  .rodata            const     0x808'5b60      0x14  oid.o [2]
  .rodata            const     0x808'5b74      0x20  oid.o [2]
  .rodata            const     0x808'5b94       0xc  oid.o [2]
  .rodata            const     0x808'5ba0      0x14  oid.o [2]
  .rodata            const     0x808'5bb4      0x20  oid.o [2]
  .rodata            const     0x808'5bd4       0xc  oid.o [2]
  .rodata            const     0x808'5be0      0x14  oid.o [2]
  .rodata            const     0x808'5bf4      0x10  oid.o [2]
  .rodata            const     0x808'5c04       0xc  oid.o [2]
  .rodata            const     0x808'5c10      0x18  oid.o [2]
  .rodata            const     0x808'5c28      0x14  oid.o [2]
  .rodata            const     0x808'5c3c       0xc  oid.o [2]
  .rodata            const     0x808'5c48      0x14  oid.o [2]
  .rodata            const     0x808'5c5c      0x10  oid.o [2]
  .rodata            const     0x808'5c6c       0xc  oid.o [2]
  .rodata            const     0x808'5c78      0x14  oid.o [2]
  .rodata            const     0x808'5c8c      0x10  oid.o [2]
  .rodata            const     0x808'5c9c       0xc  oid.o [2]
  .rodata            const     0x808'5ca8      0x18  oid.o [2]
  .rodata            const     0x808'5cc0      0x10  oid.o [2]
  .rodata            const     0x808'5cd0       0xc  oid.o [2]
  .rodata            const     0x808'5cdc      0x18  oid.o [2]
  .rodata            const     0x808'5cf4      0x10  oid.o [2]
  .rodata            const     0x808'5d04       0xc  oid.o [2]
  .rodata            const     0x808'5d10      0x18  oid.o [2]
  .rodata            const     0x808'5d28      0x14  oid.o [2]
  .rodata            const     0x808'5d3c       0xc  oid.o [2]
  .rodata            const     0x808'5d48      0x18  oid.o [2]
  .rodata            const     0x808'5d60      0x14  oid.o [2]
  .rodata            const     0x808'5d74       0xc  oid.o [2]
  .rodata            const     0x808'5d80      0x18  oid.o [2]
  .rodata            const     0x808'5d98      0x14  oid.o [2]
  .rodata            const     0x808'5dac       0xc  oid.o [2]
  .rodata            const     0x808'5db8      0x18  oid.o [2]
  .rodata            const     0x808'5dd0      0x14  oid.o [2]
  .rodata            const     0x808'5de4       0x8  oid.o [2]
  .rodata            const     0x808'5dec       0x8  oid.o [2]
  .rodata            const     0x808'5df4      0x10  oid.o [2]
  .rodata            const     0x808'5e04      0x10  oid.o [2]
  .rodata            const     0x808'5e14       0xc  oid.o [2]
  .rodata            const     0x808'5e20      0x14  oid.o [2]
  .rodata            const     0x808'5e34      0x14  oid.o [2]
  .rodata            const     0x808'5e48       0xc  oid.o [2]
  .rodata            const     0x808'5e54      0x14  oid.o [2]
  .rodata            const     0x808'5e68      0x14  oid.o [2]
  .rodata            const     0x808'5e7c       0xc  oid.o [2]
  .rodata            const     0x808'5e88      0x14  oid.o [2]
  .rodata            const     0x808'5e9c      0x14  oid.o [2]
  .rodata            const     0x808'5eb0       0xc  oid.o [2]
  .rodata            const     0x808'5ebc      0x14  oid.o [2]
  .rodata            const     0x808'5ed0      0x14  oid.o [2]
  .rodata            const     0x808'5ee4       0xc  oid.o [2]
  .rodata            const     0x808'5ef0       0xc  oid.o [2]
  .rodata            const     0x808'5efc       0xc  oid.o [2]
  .rodata            const     0x808'5f08      0x10  oid.o [2]
  .rodata            const     0x808'5f18       0x4  oid.o [2]
  .rodata            const     0x808'5f1c       0x8  oid.o [2]
  .rodata            const     0x808'5f24      0x10  oid.o [2]
  .rodata            const     0x808'5f34      0x10  oid.o [2]
  .rodata            const     0x808'5f44       0x8  oid.o [2]
  .rodata            const     0x808'5f4c       0x8  oid.o [2]
  .rodata            const     0x808'5f54      0x10  oid.o [2]
  .rodata            const     0x808'5f64       0xc  oid.o [2]
  .rodata            const     0x808'5f70       0xc  oid.o [2]
  .rodata            const     0x808'5f7c       0x8  oid.o [2]
  .rodata            const     0x808'5f84       0xc  oid.o [2]
  .rodata            const     0x808'5f90       0x8  oid.o [2]
  .rodata            const     0x808'5f98       0xc  oid.o [2]
  .rodata            const     0x808'5fa4       0xc  oid.o [2]
  .rodata            const     0x808'5fb0      0x10  oid.o [2]
  .rodata            const     0x808'5fc0      0x10  oid.o [2]
  .rodata            const     0x808'5fd0       0xc  oid.o [2]
  .rodata            const     0x808'5fdc      0x10  oid.o [2]
  .rodata            const     0x808'5fec      0x10  oid.o [2]
  .rodata            const     0x808'5ffc       0xc  oid.o [2]
  .rodata            const     0x808'6008       0x8  oid.o [2]
  .rodata            const     0x808'6010       0x4  oid.o [2]
  .rodata            const     0x808'6014       0x8  oid.o [2]
  .rodata            const     0x808'601c       0x8  oid.o [2]
  .rodata            const     0x808'6024       0x8  oid.o [2]
  .rodata            const     0x808'602c       0xc  oid.o [2]
  .rodata            const     0x808'6038       0xc  oid.o [2]
  .rodata            const     0x808'6044       0x8  oid.o [2]
  .rodata            const     0x808'604c       0xc  oid.o [2]
  .rodata            const     0x808'6058       0xc  oid.o [2]
  .rodata            const     0x808'6064       0x8  oid.o [2]
  .rodata            const     0x808'606c       0xc  oid.o [2]
  .rodata            const     0x808'6078       0xc  oid.o [2]
  .rodata            const     0x808'6084       0x8  oid.o [2]
  .rodata            const     0x808'608c       0xc  oid.o [2]
  .rodata            const     0x808'6098       0xc  oid.o [2]
  .rodata            const     0x808'60a4       0x8  oid.o [2]
  .rodata            const     0x808'60ac     0x190  oid.o [2]
  .rodata            const     0x808'623c      0x78  oid.o [2]
  .rodata            const     0x808'62b4      0x70  oid.o [2]
  .rodata            const     0x808'6324     0x118  oid.o [2]
  .rodata            const     0x808'643c      0x50  oid.o [2]
  .rodata            const     0x808'648c      0x78  oid.o [2]
  .rodata            const     0x808'6504      0x8c  oid.o [2]
  .rodata            const     0x808'6590       0x4  pk_wrap.o [2]
  .rodata            const     0x808'6594       0x4  pk_wrap.o [2]
  .rodata            const     0x808'6598       0x8  pk_wrap.o [2]
  .rodata            const     0x808'65a0       0x8  pk_wrap.o [2]
  .rodata            const     0x808'65a8      0x30  pk_wrap.o [2]
  .rodata            const     0x808'65d8      0x30  pk_wrap.o [2]
  .rodata            const     0x808'6608      0x30  pk_wrap.o [2]
  .rodata            const     0x808'6638      0x30  pk_wrap.o [2]
  .rodata            const     0x808'6668     0x15c  rfu.o [2]
  .rodata            const     0x808'67c4      0x38  rsa_internal.o [2]
  .rodata            const     0x808'67fc     0x274  sensors_data.o [2]
  .rodata            const     0x808'6a70     0x1e0  sensors_data.o [2]
  .rodata            const     0x808'6c50      0xcc  set_credentials.o [2]
  .rodata            const     0x808'6d1c      0x40  sha1.o [2]
  .rodata            const     0x808'6d5c     0x100  sha256.o [2]
  .rodata            const     0x808'6e5c      0x40  sha256.o [2]
  .rodata            const     0x808'6e9c      0x80  sha512.o [2]
  .rodata            const     0x808'6f1c      0x28  ssl_ciphersuites.o [2]
  .rodata            const     0x808'6f44      0x28  ssl_ciphersuites.o [2]
  .rodata            const     0x808'6f6c      0x28  ssl_ciphersuites.o [2]
  .rodata            const     0x808'6f94      0x28  ssl_ciphersuites.o [2]
  .rodata            const     0x808'6fbc      0x20  ssl_ciphersuites.o [2]
  .rodata            const     0x808'6fdc      0x20  ssl_ciphersuites.o [2]
  .rodata            const     0x808'6ffc     0x324  ssl_ciphersuites.o [2]
  .rodata            const     0x808'7320      0xe0  ssl_ciphersuites.o [2]
  .rodata            const     0x808'7400     0x958  ssl_cli.o [2]
  .rodata            const     0x808'7d58     0x228  ssl_cli.o [2]
  .rodata            const     0x808'7f80     0x714  ssl_tls.o [2]
  .rodata            const     0x808'8694      0xa8  stm32l475e_iot01_bus.o [2]
  .rodata            const     0x808'873c       0x8  system_stm32l4xx.o [2]
  .rodata            const     0x808'8744      0x30  system_stm32l4xx.o [2]
  .rodata            const     0x808'8774     0x1b8  timedate.o [2]
  .rodata            const     0x808'892c      0x60  vl53l0x_proximity.o [2]
  .rodata            const     0x808'898c      0xf8  vl53l0x_proximity.o [2]
  .rodata            const     0x808'8a84      0x28  x509_crt.o [2]
  .rodata            const     0x808'8aac      0x30  x509_crt.o [2]
  .rodata            const     0x808'8adc      0x48  x509_crt.o [2]
  .rodata            const     0x808'8b24      0x3c  x509_crt.o [2]
  .rodata            const     0x808'8b60      0x34  x509_crt.o [2]
  .rodata            const     0x808'8b94      0x14  x509_crt.o [2]
  .rodata            const     0x808'8ba8      0x18  x509_crt.o [2]
  .rodata            const     0x808'8bc0      0x28  x509_crt.o [2]
  .rodata            const     0x808'8be8      0x30  x509_crt.o [2]
  .rodata            const     0x808'8c18      0x30  x509_crt.o [2]
  .rodata            const     0x808'8c48      0x1c  x509_crt.o [2]
  .rodata            const     0x808'8c64      0x2c  x509_crt.o [2]
  .rodata            const     0x808'8c90      0x34  x509_crt.o [2]
  .rodata            const     0x808'8cc4      0x30  x509_crt.o [2]
  .rodata            const     0x808'8cf4      0x38  x509_crt.o [2]
  .rodata            const     0x808'8d2c      0x4c  x509_crt.o [2]
  .rodata            const     0x808'8d78      0x54  x509_crt.o [2]
  .rodata            const     0x808'8dcc      0x30  x509_crt.o [2]
  .rodata            const     0x808'8dfc      0x44  x509_crt.o [2]
  .rodata            const     0x808'8e40      0x4c  x509_crt.o [2]
  .rodata            const     0x808'8e8c      0x70  x509_crt.o [2]
  .rodata            const     0x808'8efc      0xd4  x509_crt.o [2]
  .rodata            const     0x808'8fd0      0x10  x509_crt.o [2]
  .rodata            const     0x808'8fe0      0x50  iar_Stoulx.o [3]
  .rodata            const     0x808'9030      0x4c  xscanffull.o [3]
  .rodata            const     0x808'907c      0x28  xscanffull.o [3]
  .rodata            const     0x808'90a4      0x50  iar_Stoullx.o [3]
  .text              ro code   0x808'90f4     0xa28  aes.o [2]
  .text              ro code   0x808'9b1c       0x6  ABImemclr4.o [5]
  .rodata            const     0x808'9b22       0x2  oid.o [2]
  .text              ro code   0x808'9b24      0x14  platform_util.o [2]
  .text              ro code   0x808'9b38      0x3a  ABImemset48.o [5]
  .rodata            const     0x808'9b72       0x2  oid.o [2]
  .text              ro code   0x808'9b74     0x2e4  asn1parse.o [2]
  .text              ro code   0x808'9e58    0x1552  bignum.o [2]
  .rodata            const     0x808'b3aa       0x2  oid.o [2]
  .text              ro code   0x808'b3ac      0x1c  platform.o [2]
  .text              ro code   0x808'b3c8      0x18  ABImemcpy_small.o [5]
  .text              ro code   0x808'b3e0       0x6  ABImemclr.o [5]
  .rodata            const     0x808'b3e6       0x2  xlocale_c.o [3]
  .text              ro code   0x808'b3e8     0x106  I64DivMod_small.o [5]
  .rodata            const     0x808'b4ee       0x2  xlocale_c.o [3]
  .text              ro code   0x808'b4f0      0x12  ABImemset_small.o [5]
  .text              ro code   0x808'b502      0x1a  xsnprout.o [3]
  .text              ro code   0x808'b51c       0x2  I64DivZer.o [5]
  .text              ro code   0x808'b51e      0x1e  xsscin.o [3]
  .text              ro code   0x808'b53c     0x2b8  aws_iot_jobs_json.o [2]
  .text              ro code   0x808'b7f4      0x3c  vsnprint.o [3]
  .text              ro code   0x808'b830      0x34  aws_iot_jobs_types.o [2]
  .text              ro code   0x808'b864    0x10c6  xprintffull.o [3]
  .text              ro code   0x808'c92a       0xa  xsprout.o [3]
  .text              ro code   0x808'c934     0x108  xlocale_c.o [3]
  .text              ro code   0x808'ca3c      0x16  strchr.o [5]
  .text              ro code   0x808'ca52      0x26  xencoding_8859_1.o [3]
  .text              ro code   0x808'ca78      0x40  xfail_s.o [3]
  .text              ro code   0x808'cab8      0x14  strlen_small.o [5]
  .text              ro code   0x808'cacc      0x58  memchr.o [5]
  .text              ro code   0x808'cb24      0x70  frexp.o [4]
  .text              ro code   0x808'cb94      0x2e  DblCmpLe.o [4]
  .text              ro code   0x808'cbc2      0x3a  zero_init3.o [5]
  .text              ro code   0x808'cbfc      0x2e  DblCmpGe.o [4]
  .rodata            const     0x808'cc2a       0x1  ssl_ciphersuites.o [2]
  .rodata            const     0x808'cc2b       0x1  xlocale_c.o [3]
  .text              ro code   0x808'cc2c     0x13a  ldexp.o [4]
  .text              ro code   0x808'cd68      0x3a  DblToS32.o [4]
  .text              ro code   0x808'cda4      0x22  S32ToDbl.o [4]
  .text              ro code   0x808'cdc8      0xe2  DblSub.o [4]
  .text              ro code   0x808'ceac     0x246  DblDiv.o [4]
  .text              ro code   0x808'd0f4      0x28  DblToU32.o [4]
  .text              ro code   0x808'd11c      0x1a  U32ToDbl.o [4]
  .text              ro code   0x808'd138     0x1a2  DblMul.o [4]
  .text              ro code   0x808'd2da       0xa  xmbcurmax.o [3]
  .text              ro code   0x808'd2e4       0x6  abort.o [3]
  .text              ro code   0x808'd2ec     0x17a  DblAdd.o [4]
  .text              ro code   0x808'd468      0x14  exit.o [6]
  .text              ro code   0x808'd47c     0x144  aws_iot_jobs_topics.o [2]
  .text              ro code   0x808'd5c0      0x44  snprintf.o [3]
  .text              ro code   0x808'd604      0xb2  aws_iot_json_utils.o [2]
  .text              ro code   0x808'd6b6      0x28  strncmp.o [3]
  .text              ro code   0x808'd6e0      0x1e  strncpy_small.o [5]
  .text              ro code   0x808'd700     0x208  aws_iot_mqtt_client.o [2]
  .text              ro code   0x808'd908     0x3d8  aws_network_st_wrapper.o [2]
  .text              ro code   0x808'dce0      0x4c  aws_timer.o [2]
  .text              ro code   0x808'dd2c     0x850  net_socket.o [2]
  .text              ro code   0x808'e57c      0x28  printf.o [3]
  .text              ro code   0x808'e5a4     0x2c0  net_core.o [2]
  .text              ro code   0x808'e864       0xc  stm32l4xx_hal.o [2]
  .text              ro code   0x808'e870     0x658  net_mbedtls.o [2]
  .text              ro code   0x808'eec8    0x14dc  dlmalloc.o [3]
  .text              ro code   0x809'03a4    0x3650  ssl_tls.o [2]
  .text              ro code   0x809'39f4     0x5a8  debug.o [2]
  .text              ro code   0x809'3f9c     0x394  ctr_drbg.o [2]
  .text              ro code   0x809'4330    0x16a4  x509_crt.o [2]
  .text              ro code   0x809'59d4     0x2a0  pk.o [2]
  .text              ro code   0x809'5c74     0x24c  entropy.o [2]
  .text              ro code   0x809'5ec0     0xacc  pkparse.o [2]
  .text              ro code   0x809'698c       0x4  heaptramp0.o [3]
  .text              ro code   0x809'6990      0x2c  xgetmemchunk.o [3]
  .text              ro code   0x809'69bc     0x282  md.o [2]
  .text              ro code   0x809'6c40     0x200  cipher.o [2]
  .text              ro code   0x809'6e40      0xa4  ssl_ciphersuites.o [2]
  .text              ro code   0x809'6ee4     0xaa8  sha256.o [2]
  .text              ro code   0x809'798c     0xffc  sha512.o [2]
  .text              ro code   0x809'8988      0x1e  ABImemmove_small.o [5]
  .text              ro code   0x809'89a8      0x1e  memcmp_small.o [5]
  .text              ro code   0x809'89c8     0x188  ecdh.o [2]
  .text              ro code   0x809'8b50    0x1f4c  ssl_cli.o [2]
  .text              ro code   0x809'aa9c    0x1670  ecp.o [2]
  .text              ro code   0x809'c10c     0x8f4  x509.o [2]
  .text              ro code   0x809'ca00     0x1cc  oid.o [2]
  .text              ro code   0x809'cbcc      0x2c  strstr.o [3]
  .text              ro code   0x809'cbf8     0x15c  pem.o [2]
  .text              ro code   0x809'cd54    0x133c  rsa.o [2]
  .text              ro code   0x809'e090     0xaa4  ecp_curves.o [2]
  .text              ro code   0x809'eb34     0x670  gcm.o [2]
  .text              ro code   0x809'f1a4       0x4  time_trampoline.o [3]
  .text              ro code   0x809'f1a8       0xa  gmtime.o [3]
  .text              ro code   0x809'f1b4     0x114  base64.o [2]
  .text              ro code   0x809'f2c8     0x4f4  rsa_internal.o [2]
  .text              ro code   0x809'f7bc       0x4  timingSystem.o [2]
  .text              ro code   0x809'f7c0     0x10c  xttotm.o [3]
  .text              ro code   0x809'f8cc      0x78  STM32CubeRTCInterface.o [2]
  .text              ro code   0x809'f944      0x6c  xDaysTo.o [3]
  .text              ro code   0x809'f9b0       0x6  xisdst_nop.o [3]
  .text              ro code   0x809'f9b8     0x3a2  stm32l4xx_hal_rtc.o [2]
  .text              ro code   0x809'fd5c      0xd0  mktime.o [3]
  .text              ro code   0x809'fe2c      0x9c  stm32l4xx_hal_msp.o [2]
  .text              ro code   0x809'fec8       0x4  xTzoff_nop.o [3]
  .text              ro code   0x809'fecc     0x946  stm32l4xx_hal_rcc_ex.o [2]
  .text              ro code   0x80a'0814     0x1f0  main.o [2]
  .text              ro code   0x80a'0a04      0x84  stm32l4xx_hal_pwr_ex.o [2]
  .text              ro code   0x80a'0a88     0x654  stm32l4xx_hal_rcc.o [2]
  .text              ro code   0x80a'10dc      0x20  stm32l4xx_hal.o [2]
  .text              ro code   0x80a'10fc     0x2ee  stm32l475e_iot01.o [2]
  .text              ro code   0x80a'13ea      0x90  stm32l4xx_hal_rng.o [2]
  .text              ro code   0x80a'147c      0x10  rand.o [3]
  .text              ro code   0x80a'148c     0x50c  cloud.o [2]
  .text              ro code   0x80a'1998    0x125c  aws_subscribe_publish_sensor_values.o [2]
  .text              ro code   0x80a'2bf4      0x1e  stm32l4xx_hal.o [2]
  .text              ro code   0x80a'2c14     0x63a  stm32l4xx_hal_uart.o [2]
  .text              ro code   0x80a'3250     0x4c0  net_conf.o [2]
  .text              ro code   0x80a'3710     0xf6a  stm32l4xx_hal_spi.o [2]
  .text              ro code   0x80a'467c      0x30  stm32l4xx_hal.o [2]
  .text              ro code   0x80a'46ac      0xea  stm32l4xx_hal_cortex.o [2]
  .text              ro code   0x80a'4798     0x318  stm32l4xx_hal_gpio.o [2]
  .text              ro code   0x80a'4ab0      0x1a  stm32l4xx_hal_exti.o [2]
  .text              ro code   0x80a'4aca      0x2a  stm32l475e_iot01.o [2]
  .text              ro code   0x80a'4af4      0x2a  stm32l475e_iot01.o [2]
  .text              ro code   0x80a'4b20       0xc  getchar.o [3]
  .text              ro code   0x80a'4b2c     0x1a0  net_address.o [2]
  .text              ro code   0x80a'4ccc      0xc0  set_credentials.o [2]
  .text              ro code   0x80a'4d8c     0x808  iot_flash_config.o [2]
  .text              ro code   0x80a'5594     0x5b8  timedate.o [2]
  .text              ro code   0x80a'5b4c     0x2f0  sensors_data.o [2]
  .text              ro code   0x80a'5e3c     0x3c4  aws_iot_mqtt_client_connect.o [2]
  .text              ro code   0x80a'6200     0x2f0  jsmn.o [2]
  .text              ro code   0x80a'64f0      0x12  strcmp.o [5]
  .text              ro code   0x80a'6504     0x315  aws_iot_mqtt_client_publish.o [2]
  .text              ro code   0x80a'681a     0x200  aws_iot_jobs_interface.o [2]
  .text              ro code   0x80a'6a1c     0x389  aws_iot_mqtt_client_subscribe.o [2]
  .text              ro code   0x80a'6da8     0x1ea  aws_iot_mqtt_client_yield.o [2]
  .text              ro code   0x80a'6f94     0x454  rfu.o [2]
  .text              ro code   0x80a'73e8    0x11d8  es_wifi.o [2]
  .text              ro code   0x80a'85c0       0x2  stm32l4xx_hal_spi.o [2]
  .text              ro code   0x80a'85c4      0x4c  stm32l4xx_hal_dma.o [2]
  .text              ro code   0x80a'8610       0x2  stm32l4xx_hal_spi.o [2]
  .text              ro code   0x80a'8612       0x2  stm32l4xx_hal_spi.o [2]
  .text              ro code   0x80a'8614       0xe  net_class_extension.o [2]
  .text              ro code   0x80a'8624     0x420  flash_l4.o [2]
  .text              ro code   0x80a'8a44      0x28  sscanf.o [3]
  .text              ro code   0x80a'8a6c     0x238  stm32l475e_iot01_env_sensors.o [2]
  .text              ro code   0x80a'8ca4     0x240  stm32l475e_iot01_motion_sensors.o [2]
  .text              ro code   0x80a'8ee4     0x1e8  vl53l0x_proximity.o [2]
  .text              ro code   0x80a'90cc      0x48  FltToDbl.o [4]
  .text              ro code   0x80a'9114     0x51d  aws_iot_mqtt_client_common_internal.o [2]
  .text              ro code   0x80a'9634     0x6e0  http_lib.o [2]
  .text              ro code   0x80a'9d14      0x40  sprintf.o [3]
  .text              ro code   0x80a'9d54      0x4c  strtok.o [3]
  .text              ro code   0x80a'9da0     0x184  stm32l4xx_hal_flash.o [2]
  .text              ro code   0x80a'9f24     0x194  stm32l4xx_hal_flash_ex.o [2]
  .text              ro code   0x80a'a0b8     0xf2c  xscanffull.o [3]
  .text              ro code   0x80a'afe4     0x39e  hts221.o [2]
  .text              ro code   0x80a'b384     0x3f8  lps22hb.o [2]
  .text              ro code   0x80a'b77c     0x7ea  lsm6dsl.o [2]
  .text              ro code   0x80a'bf68     0x3ea  lis3mdl.o [2]
  .text              ro code   0x80a'c354     0x444  stm32l475e_iot01_bus.o [2]
  .text              ro code   0x80a'c798     0xb98  vl53l0x_api.o [2]
  .text              ro code   0x80a'd330     0x1a4  vl53l0x_platform.o [2]
  .text              ro code   0x80a'd4d4      0x3e  strncasecmp.o [3]
  .text              ro code   0x80a'd514     0x14c  iar_Stoulx.o [3]
  .text              ro code   0x80a'd660      0x22  strspn.o [3]
  .text              ro code   0x80a'd682      0x22  strcspn.o [3]
  .text              ro code   0x80a'd6a4      0x14  isspace.o [3]
  .text              ro code   0x80a'd6b8      0x34  wctob.o [3]
  .text              ro code   0x80a'd6ec      0x14  isalpha.o [3]
  .text              ro code   0x80a'd700     0x4f0  strto64.o [4]
  .text              ro code   0x80a'dbf0      0x68  DblToFlt.o [4]
  .text              ro code   0x80a'dc58     0x1b2  iar_Stoullx.o [3]
  .text              ro code   0x80a'de0c      0xa6  iar_Stollx.o [3]
  .text              ro code   0x80a'deb4     0x180  hts221_reg.o [2]
  .text              ro code   0x80a'e034     0x104  lps22hb_reg.o [2]
  .text              ro code   0x80a'e138     0x284  lsm6dsl_reg.o [2]
  .text              ro code   0x80a'e3bc     0x236  lis3mdl_reg.o [2]
  .text              ro code   0x80a'e5f4     0x776  stm32l4xx_hal_i2c.o [2]
  .text              ro code   0x80a'ed6c     0x110  vl53l0x_api_strings.o [2]
  .text              ro code   0x80a'ee7c     0x66c  vl53l0x_api_calibration.o [2]
  .text              ro code   0x80a'f4e8    0x1162  vl53l0x_api_core.o [2]
  .text              ro code   0x80b'064a      0x14  tolower.o [3]
  .text              ro code   0x80b'065e      0x14  memset.o [5]
  .text              ro code   0x80b'0672     0x122  iar_Stopfx.o [3]
  .text              ro code   0x80b'0794     0x1b8  iar_Stoflt.o [3]
  .text              ro code   0x80b'094c     0x208  iar_Stoxflt.o [3]
  .text              ro code   0x80b'0b54       0x2  stm32l4xx_hal_i2c.o [2]
  .text              ro code   0x80b'0b58      0x18  strcpy.o [5]
  .text              ro code   0x80b'0b70     0x584  ecdsa.o [2]
  .text              ro code   0x80b'10f4     0x218  hmac_drbg.o [2]
  .text              ro code   0x80b'130c     0x130  asn1write.o [2]
  .text              ro code   0x80b'143c     0xa1c  md5.o [2]
  .text              ro code   0x80b'1e58     0xa08  net_es_wifi.o [2]
  .text              ro code   0x80b'2860     0x2ac  pk_wrap.o [2]
  .text              ro code   0x80b'2b0c    0x100c  sha1.o [2]
  .text              ro code   0x80b'3b18      0x10  startup_stm32l475xx.o [2]
  .text              ro code   0x80b'3b28      0x10  stm32l4xx_hal.o [2]
  .text              ro code   0x80b'3b38      0x60  system_stm32l4xx.o [2]
  .text              ro code   0x80b'3b98      0x22  fpinit_M.o [4]
  .text              ro code   0x80b'3bbc      0x1e  cmain.o [5]
  .text              ro code   0x80b'3bda       0x4  low_level_init.o [3]
  .text              ro code   0x80b'3be0      0x28  data_init.o [5]
  .text              ro code   0x80b'3c08       0x4  exit.o [3]
  .text              ro code   0x80b'3c0c       0xa  cexit.o [5]
  .text              ro code   0x80b'3c18       0xc  putchar.o [3]
  .text              ro code   0x80b'3c24      0x66  cipher_wrap.o [2]
  .text              ro code   0x80b'3c8a      0x2a  mbedtls_entropy.o [2]
  .text              ro code   0x80b'3cb4      0xfe  md_wrap.o [2]
  .text              ro code   0x80b'3db2       0x4  startup_stm32l475xx.o [2]
  .text              ro code   0x80b'3db6       0x4  startup_stm32l475xx.o [2]
  .text              ro code   0x80b'3dba       0x4  startup_stm32l475xx.o [2]
  .text              ro code   0x80b'3dbe       0x4  startup_stm32l475xx.o [2]
  .text              ro code   0x80b'3dc2       0x4  startup_stm32l475xx.o [2]
  .text              ro code   0x80b'3dc6       0x4  startup_stm32l475xx.o [2]
  .text              ro code   0x80b'3dca       0x4  startup_stm32l475xx.o [2]
  .text              ro code   0x80b'3dce       0x4  startup_stm32l475xx.o [2]
  .text              ro code   0x80b'3dd2       0x4  startup_stm32l475xx.o [2]
  .text              ro code   0x80b'3dd6       0x4  startup_stm32l475xx.o [2]
  .text              ro code   0x80b'3dda       0x4  startup_stm32l475xx.o [2]
  .text              ro code   0x80b'3dde       0x4  startup_stm32l475xx.o [2]
  .text              ro code   0x80b'3de2       0x4  startup_stm32l475xx.o [2]
  .text              ro code   0x80b'3de6       0x4  startup_stm32l475xx.o [2]
  .text              ro code   0x80b'3dea       0x4  startup_stm32l475xx.o [2]
  .text              ro code   0x80b'3dee       0x4  startup_stm32l475xx.o [2]
  .text              ro code   0x80b'3df2       0x4  startup_stm32l475xx.o [2]
  .text              ro code   0x80b'3df6       0x4  startup_stm32l475xx.o [2]
  .text              ro code   0x80b'3dfa       0x4  startup_stm32l475xx.o [2]
  .text              ro code   0x80b'3dfe       0x4  startup_stm32l475xx.o [2]
  .text              ro code   0x80b'3e02       0x4  startup_stm32l475xx.o [2]
  .text              ro code   0x80b'3e06       0x4  startup_stm32l475xx.o [2]
  .text              ro code   0x80b'3e0a       0x4  startup_stm32l475xx.o [2]
  .text              ro code   0x80b'3e0e       0x4  startup_stm32l475xx.o [2]
  .text              ro code   0x80b'3e12       0x4  startup_stm32l475xx.o [2]
  .text              ro code   0x80b'3e16       0x4  startup_stm32l475xx.o [2]
  .text              ro code   0x80b'3e1a       0x4  startup_stm32l475xx.o [2]
  .text              ro code   0x80b'3e1e       0x4  startup_stm32l475xx.o [2]
  .text              ro code   0x80b'3e22       0x4  startup_stm32l475xx.o [2]
  .text              ro code   0x80b'3e26       0x4  startup_stm32l475xx.o [2]
  .text              ro code   0x80b'3e2a       0x4  startup_stm32l475xx.o [2]
  .text              ro code   0x80b'3e2e       0x4  startup_stm32l475xx.o [2]
  .text              ro code   0x80b'3e32       0x4  startup_stm32l475xx.o [2]
  .text              ro code   0x80b'3e36       0x4  startup_stm32l475xx.o [2]
  .text              ro code   0x80b'3e3a       0x4  startup_stm32l475xx.o [2]
  .text              ro code   0x80b'3e3e       0x4  startup_stm32l475xx.o [2]
  .text              ro code   0x80b'3e42       0x4  startup_stm32l475xx.o [2]
  .text              ro code   0x80b'3e46       0x4  startup_stm32l475xx.o [2]
  .text              ro code   0x80b'3e4a       0x4  startup_stm32l475xx.o [2]
  .text              ro code   0x80b'3e4e       0x4  startup_stm32l475xx.o [2]
  .text              ro code   0x80b'3e52       0x4  startup_stm32l475xx.o [2]
  .text              ro code   0x80b'3e56       0x4  startup_stm32l475xx.o [2]
  .text              ro code   0x80b'3e5a       0x4  startup_stm32l475xx.o [2]
  .text              ro code   0x80b'3e5e       0x4  startup_stm32l475xx.o [2]
  .text              ro code   0x80b'3e62       0x4  startup_stm32l475xx.o [2]
  .text              ro code   0x80b'3e66       0x4  startup_stm32l475xx.o [2]
  .text              ro code   0x80b'3e6a       0x4  startup_stm32l475xx.o [2]
  .text              ro code   0x80b'3e6e       0x4  startup_stm32l475xx.o [2]
  .text              ro code   0x80b'3e72       0x4  startup_stm32l475xx.o [2]
  .text              ro code   0x80b'3e76       0x4  startup_stm32l475xx.o [2]
  .text              ro code   0x80b'3e7a       0x4  startup_stm32l475xx.o [2]
  .text              ro code   0x80b'3e7e       0x4  startup_stm32l475xx.o [2]
  .text              ro code   0x80b'3e82       0x4  startup_stm32l475xx.o [2]
  .text              ro code   0x80b'3e86       0x4  startup_stm32l475xx.o [2]
  .text              ro code   0x80b'3e8a       0x4  startup_stm32l475xx.o [2]
  .text              ro code   0x80b'3e8e       0x4  startup_stm32l475xx.o [2]
  .text              ro code   0x80b'3e92       0x4  startup_stm32l475xx.o [2]
  .text              ro code   0x80b'3e96       0x4  startup_stm32l475xx.o [2]
  .text              ro code   0x80b'3e9a       0x4  startup_stm32l475xx.o [2]
  .text              ro code   0x80b'3e9e       0x4  startup_stm32l475xx.o [2]
  .text              ro code   0x80b'3ea2       0x4  startup_stm32l475xx.o [2]
  .text              ro code   0x80b'3ea6       0x4  startup_stm32l475xx.o [2]
  .text              ro code   0x80b'3eaa       0x4  startup_stm32l475xx.o [2]
  .text              ro code   0x80b'3eae       0x4  startup_stm32l475xx.o [2]
  .text              ro code   0x80b'3eb2       0x4  startup_stm32l475xx.o [2]
  .text              ro code   0x80b'3eb6       0x4  startup_stm32l475xx.o [2]
  .text              ro code   0x80b'3eba       0x4  startup_stm32l475xx.o [2]
  .text              ro code   0x80b'3ebe       0x4  startup_stm32l475xx.o [2]
  .text              ro code   0x80b'3ec2       0x4  startup_stm32l475xx.o [2]
  .text              ro code   0x80b'3ec6       0x4  startup_stm32l475xx.o [2]
  .text              ro code   0x80b'3eca       0x4  startup_stm32l475xx.o [2]
  .text              ro code   0x80b'3ece       0x4  startup_stm32l475xx.o [2]
  .text              ro code   0x80b'3ed2       0x4  startup_stm32l475xx.o [2]
  .text              ro code   0x80b'3ed6       0x4  startup_stm32l475xx.o [2]
  .text              ro code   0x80b'3eda       0x4  startup_stm32l475xx.o [2]
  .text              ro code   0x80b'3ede       0x4  startup_stm32l475xx.o [2]
  .text              ro code   0x80b'3ee2       0x4  startup_stm32l475xx.o [2]
  .text              ro code   0x80b'3ee6      0x2e  stm32l4xx_it.o [2]
  .text              ro code   0x80b'3f14       0xc  cstartup_M.o [5]
  .text              ro code   0x80b'3f20      0x16  xprout.o [3]
  .text              ro code   0x80b'3f36      0x78  lz77_init_single.o [5]
  .iar.init_table    const     0x80b'3fb0      0x20  - Linker created -
  .rodata            const     0x80b'3fd0       0x0  zero_init3.o [5]
  .rodata            const     0x80b'3fd0       0x0  lz77_init_single.o [5]
  Initializer bytes  const     0x80b'3fd0     0x468  <for P2-1>
  aes_block_padding  const     0x80b'4440      0x10  <internal module>
                             - 0x80b'4450  0x3'38c8

"P2", part 1 of 3:                            0xd1c
  P2-1                        0x2000'2800     0xd1c  <Init block>
    .data            inited   0x2000'2800     0x60c  aws_subscribe_publish_sensor_values.o [2]
    .data            inited   0x2000'2e0c      0x18  aws_iot_jobs_types.o [2]
    .data            inited   0x2000'2e24       0x4  ecp_curves.o [2]
    .data            inited   0x2000'2e28       0x8  ecp_curves.o [2]
    .data            inited   0x2000'2e30      0x10  hts221.o [2]
    .data            inited   0x2000'2e40      0x14  hts221.o [2]
    .data            inited   0x2000'2e54      0x14  hts221.o [2]
    .data            inited   0x2000'2e68       0x4  iot_flash_config.o [2]
    .data            inited   0x2000'2e6c      0x10  lis3mdl.o [2]
    .data            inited   0x2000'2e7c      0x24  lis3mdl.o [2]
    .data            inited   0x2000'2ea0      0x10  lps22hb.o [2]
    .data            inited   0x2000'2eb0      0x14  lps22hb.o [2]
    .data            inited   0x2000'2ec4      0x14  lps22hb.o [2]
    .data            inited   0x2000'2ed8      0x10  lsm6dsl.o [2]
    .data            inited   0x2000'2ee8      0x24  lsm6dsl.o [2]
    .data            inited   0x2000'2f0c      0x24  lsm6dsl.o [2]
    .data            inited   0x2000'2f30       0x4  net_conf.o [2]
    .data            inited   0x2000'2f34       0x8  platform.o [2]
    .data            inited   0x2000'2f3c       0x4  platform_util.o [2]
    .data            inited   0x2000'2f40       0x4  set_credentials.o [2]
    .data            inited   0x2000'2f44      0x34  ssl_tls.o [2]
    .data            inited   0x2000'2f78       0x4  STM32CubeRTCInterface.o [2]
    .data            inited   0x2000'2f7c       0x8  stm32l475e_iot01.o [2]
    .data            inited   0x2000'2f84      0x10  stm32l475e_iot01.o [2]
    .data            inited   0x2000'2f94       0x8  stm32l475e_iot01.o [2]
    .data            inited   0x2000'2f9c      0x20  stm32l4xx_hal_flash.o [2]
    .data            inited   0x2000'2fbc       0x4  system_stm32l4xx.o [2]
    .data            inited   0x2000'2fc0      0xf4  vl53l0x_api.o [2]
    .data            inited   0x2000'30b4     0x1b8  vl53l0x_api.o [2]
    .data            inited   0x2000'326c      0x10  vl53l0x_api_calibration.o [2]
    .data            inited   0x2000'327c     0x188  vl53l0x_proximity.o [2]
    .data            inited   0x2000'3404       0x8  rand.o [3]
    .data            inited   0x2000'340c      0x48  xfiles.o [3]
    .data            inited   0x2000'3454      0x48  xfiles.o [3]
    .data            inited   0x2000'349c      0x38  xlocale_c.o [3]
    .data            inited   0x2000'34d4      0x48  xlocale_c.o [3]
                            - 0x2000'351c     0xd1c

"P2", part 2 of 3:                           0x1b50
  .bss               zero     0x2000'351c     0x960  aws_subscribe_publish_sensor_values.o [2]
  .bss               zero     0x2000'3e7c     0x900  net_conf.o [2]
  .bss               zero     0x2000'477c     0x1d8  dlmalloc.o [3]
  .bss               zero     0x2000'4954     0x104  net_socket.o [2]
  .bss               zero     0x2000'4a58      0xf0  stm32l475e_iot01.o [2]
  .bss               zero     0x2000'4b48      0xec  cloud.o [2]
  .bss               zero     0x2000'4c34      0xb0  net_es_wifi.o [2]
  .bss               zero     0x2000'4ce4      0x8c  stm32l475e_iot01_motion_sensors.o [2]
  .bss               zero     0x2000'4d70      0x88  stm32l475e_iot01_env_sensors.o [2]
  .bss               zero     0x2000'4df8      0x70  net_conf.o [2]
  .bss               zero     0x2000'4e68      0x50  stm32l475e_iot01_bus.o [2]
  .bss               zero     0x2000'4eb8      0x50  xfiles.o [3]
  .bss               zero     0x2000'4f08      0x40  vl53l0x_platform.o [2]
  .bss               zero     0x2000'4f48      0x34  aws_iot_mqtt_client.o [2]
  .bss               zero     0x2000'4f7c      0x34  main.o [2]
  .bss               zero     0x2000'4fb0      0x2c  xttotm.o [3]
  .bss               zero     0x2000'4fdc      0x20  ssl_ciphersuites.o [2]
  .bss               zero     0x2000'4ffc      0x18  dlmalloc.o [3]
  .bss               zero     0x2000'5014      0x10  net_address.o [2]
  .bss               zero     0x2000'5024       0xc  ecp.o [2]
  .bss               zero     0x2000'5030       0xc  ecp.o [2]
  .bss               zero     0x2000'503c       0xc  set_credentials.o [2]
  .bss               zero     0x2000'5048       0x4  debug.o [2]
  .bss               zero     0x2000'504c       0x4  es_wifi.o [2]
  .bss               zero     0x2000'5050       0x4  net_conf.o [2]
  .bss               zero     0x2000'5054       0x4  net_core.o [2]
  .bss               zero     0x2000'5058       0x4  stm32l4xx_hal.o [2]
  .bss               zero     0x2000'505c       0x4  strtok.o [3]
  .bss               zero     0x2000'5060       0x4  xfail_s.o [3]
  .bss               zero     0x2000'5064       0x4  xgetmemchunk.o [3]
  .bss               zero     0x2000'5068       0x1  main.o [2]
                            - 0x2000'5069    0x1b4d

"P2", part 3 of 3:                         0x1'2f00
  CSTACK                      0x2000'5070    0x2000  <Block>
    CSTACK           uninit   0x2000'5070    0x2000  <Block tail>
  HEAP                        0x2000'7070  0x1'0f00  <Block>
    HEAP             uninit   0x2000'7070  0x1'0f00  <Block tail>
                            - 0x2001'7f70  0x1'2f00

Unused ranges:

         From           To      Size
         ----           --      ----
   0x80b'4450   0x80e'e7ff  0x3'a3b0
  0x2000'27ff  0x2000'27ff       0x1
  0x2000'506c  0x2000'506f       0x4
  0x2001'7f70  0x2001'7fff      0x90


*******************************************************************************
*** INIT TABLE
***

          Address      Size
          -------      ----
Zero (__iar_zero_init3)
    1 destination range, total size 0x1b4d:
          0x2000'351c  0x1b4d

Copy/lz77 (__iar_lz77_init_single3)
    1 source range, total size 0x468 (33% of destination):
           0x80b'3fd0   0x468
    1 destination range, total size 0xd1c:
          0x2000'2800   0xd1c



*******************************************************************************
*** MODULE SUMMARY
***

    Module                                 ro code  ro data  rw data
    ------                                 -------  -------  -------
command line/config:
    <internal module>                                    16
    ----------------------------------------------------------------
    Total:                                               16

D:\Keil\STM32CubeExpansion_Cloud_AWS_V1.4.0\Projects\B-L475E-IOT01A\Applications\BootLoader_OSC\2_Images_SBSFU\EWARM: [1]
    ----------------------------------------------------------------
    Total:

D:\Keil\STM32CubeExpansion_Cloud_AWS_V1.4.0\Projects\B-L475E-IOT01A\Applications\Cloud\AWS\EWARM\B-L475E-IOT01\Obj: [2]
    STM32CubeRTCInterface.o                    120        1        4
    aes.o                                    2'600    8'744
    asn1parse.o                                740
    asn1write.o                                304
    aws_iot_jobs_interface.o                   512
    aws_iot_jobs_json.o                        696
    aws_iot_jobs_topics.o                      324
    aws_iot_jobs_types.o                        52       72       24
    aws_iot_json_utils.o                       178
    aws_iot_mqtt_client.o                      520      160       52
    aws_iot_mqtt_client_common_internal.o    1'309
    aws_iot_mqtt_client_connect.o              964
    aws_iot_mqtt_client_publish.o              789
[...]
mbedtls_x509_get_alg_null
                         0x809'c153     0x8  Code  Gb  x509.o [2]
mbedtls_x509_get_ext     0x809'c62f    0x48  Code  Gb  x509.o [2]
mbedtls_x509_get_name    0x809'c317    0xe6  Code  Gb  x509.o [2]
mbedtls_x509_get_rsassa_pss_params
                         0x809'c169   0x1a4  Code  Gb  x509.o [2]
mbedtls_x509_get_serial
                         0x809'c10d    0x46  Code  Gb  x509.o [2]
mbedtls_x509_get_sig     0x809'c581    0x36  Code  Gb  x509.o [2]
mbedtls_x509_get_sig_alg
                         0x809'c5c3    0x6c  Code  Gb  x509.o [2]
mbedtls_x509_get_time    0x809'c431   0x14a  Code  Gb  x509.o [2]
mbedtls_x509_key_size_helper
                         0x809'c875    0x1e  Code  Gb  x509.o [2]
mbedtls_x509_serial_gets
                         0x809'c759    0x7e  Code  Gb  x509.o [2]
mbedtls_x509_sig_alg_gets
                         0x809'c7d9    0x9c  Code  Gb  x509.o [2]
mbedtls_x509_time_is_future
                         0x809'c9a1    0x1e  Code  Gb  x509.o [2]
mbedtls_x509_time_is_past
                         0x809'c983    0x1e  Code  Gb  x509.o [2]
md5_clone_wrap           0x80b'3cdf     0x4  Code  Lc  md_wrap.o [2]
md5_ctx_alloc            0x80b'3cc1    0x14  Code  Lc  md_wrap.o [2]
md5_ctx_free             0x80b'3cd5     0xa  Code  Lc  md_wrap.o [2]
md5_finish_wrap          0x80b'3cbd     0x4  Code  Lc  md_wrap.o [2]
md5_padding              0x808'4bc8    0x40  Data  Lc  md5.o [2]
md5_process_wrap         0x80b'3ce3     0x4  Code  Lc  md_wrap.o [2]
md5_starts_wrap          0x80b'3cb5     0x4  Code  Lc  md_wrap.o [2]
md5_update_wrap          0x80b'3cb9     0x4  Code  Lc  md_wrap.o [2]
memchr                   0x808'cacd          Code  Gb  memchr.o [5]
memset                   0x80b'065f    0x14  Code  Gb  memset.o [5]
memset_func             0x2000'2f3c     0x4  Data  Lc  platform_util.o [2]
mgf_mask                 0x809'd48b    0x9c  Code  Lc  rsa.o [2]
mktime                   0x809'fd5d    0xd0  Code  Gb  mktime.o [3]
mos                      0x809'f8b4    0x18  Data  Lc  xttotm.o [3]
mos                      0x809'f998    0x18  Data  Lc  xDaysTo.o [3]
mparams                 0x2000'4ffc    0x18  Data  Lc  dlmalloc.o [3]
mpi_montmul              0x808'ac75    0xb2  Code  Lc  bignum.o [2]
mpi_montred              0x808'ad27    0x20  Code  Lc  bignum.o [2]
mpi_mul_hlp              0x808'a55d   0x270  Code  Lc  bignum.o [2]
mpi_sub_hlp              0x808'a3ef    0x44  Code  Lc  bignum.o [2]
mul_count               0x2000'502c     0x4  Data  Lc  ecp.o [2]
ndigs                    0x808'8fe0    0x28  Data  Lc  iar_Stoulx.o [3]
ndigs                    0x808'90a4    0x28  Data  Lc  iar_Stoullx.o [3]
net_access_control       0x808'e4b3    0x30  Code  Gb  net_socket.o [2]
net_aton                 0x80a'4bb5   0x106  Code  Gb  net_address.o [2]
net_aton_r               0x80a'4cbb    0x12  Code  Gb  net_address.o [2]
net_closesocket          0x808'e0c5    0xbe  Code  Gb  net_socket.o [2]
net_connect              0x808'de13    0xf0  Code  Gb  net_socket.o [2]
net_handler              0x80a'1990     0x8  Data  Gb  cloud.o [2]
net_if_connect           0x808'e74d    0x3a  Code  Gb  net_core.o [2]
net_if_deinit            0x808'e677    0x66  Code  Gb  net_core.o [2]
net_if_find              0x808'e5a5    0x18  Code  Gb  net_core.o [2]
net_if_gethostbyname     0x808'e7bd    0x22  Code  Gb  net_core.o [2]
net_if_init              0x808'e611    0x66  Code  Gb  net_core.o [2]
net_if_notify            0x808'e5f1    0x20  Code  Gb  net_core.o [2]
net_if_start             0x808'e6f5    0x42  Code  Gb  net_core.o [2]
net_if_wait_state        0x808'e5e5     0xc  Code  Gb  net_core.o [2]
net_mbedtls_check_tlsdata
                         0x808'e871    0x44  Code  Gb  net_mbedtls.o [2]
net_mbedtls_set_read_timeout
                         0x808'e8c7    0x10  Code  Gb  net_mbedtls.o [2]
net_mbedtls_sock_recv    0x808'ec51    0x58  Code  Gb  net_mbedtls.o [2]
net_mbedtls_sock_send    0x808'eca9    0x40  Code  Gb  net_mbedtls.o [2]
net_mbedtls_start        0x808'e8d9   0x358  Code  Gb  net_mbedtls.o [2]
net_mbedtls_stop         0x808'ecef    0x24  Code  Gb  net_mbedtls.o [2]
net_ntoa                 0x80a'4bab     0x6  Code  Gb  net_address.o [2]
net_ntoa::str           0x2000'5014    0x10  Data  Lc  net_address.o [2]
net_ntoa_r               0x80a'4b2d    0x7e  Code  Gb  net_address.o [2]
net_recv                 0x808'dfab    0xa0  Code  Gb  net_socket.o [2]
net_send                 0x808'df0f    0x96  Code  Gb  net_socket.o [2]
net_setsockopt           0x808'e1a5   0x2de  Code  Gb  net_socket.o [2]
net_socket               0x808'ddc9    0x42  Code  Gb  net_socket.o [2]
net_tls_sizeof_suite_structure
                         0x808'4d64     0x4  Data  Gb  net_conf.o [2]
net_tls_user_suite0     0x2000'2f30     0x4  Data  Gb  net_conf.o [2]
net_wifi_set_credentials
                         0x80a'8615     0xc  Code  Gb  net_class_extension.o [2]
netif                   0x2000'4b48    0xec  Data  Gb  cloud.o [2]
netif_check              0x808'e5bd    0x28  Code  Gb  net_core.o [2]
netif_list              0x2000'5054     0x4  Data  Lc  net_core.o [2]
obuf                    0x2000'4eb8    0x50  Data  Lc  xfiles.o [3]
oid_ecp_grp              0x808'648c    0x78  Data  Lc  oid.o [2]
oid_ext_key_usage        0x808'62b4    0x70  Data  Lc  oid.o [2]
oid_md_alg               0x808'6504    0x8c  Data  Lc  oid.o [2]
oid_pk_alg               0x808'643c    0x50  Data  Lc  oid.o [2]
oid_sig_alg              0x808'6324   0x118  Data  Lc  oid.o [2]
oid_sig_alg_from_asn1    0x809'ca91    0x2e  Code  Lc  oid.o [2]
oid_x509_ext             0x808'623c    0x78  Data  Lc  oid.o [2]
oid_x520_attr_type       0x808'60ac   0x190  Data  Lc  oid.o [2]
pDeviceName             0x2000'2858     0x4  Data  Lc  aws_subscribe_publish_sensor_values.o [2]
pFlash                  0x2000'2f9c    0x20  Data  Gb  stm32l4xx_hal_flash.o [2]
pUsernameTemp           0x2000'4f48    0x34  Data  Lc  aws_iot_mqtt_client.o [2]
parseStringValue         0x808'd635    0x36  Code  Gb  aws_iot_json_utils.o [2]
perform_ref_signal_measurement
                         0x80a'effd    0x5a  Code  Gb  vl53l0x_api_calibration.o [2]
pk_get_ecpubkey          0x809'6159    0x26  Code  Lc  pkparse.o [2]
pk_get_pk_alg            0x809'6233    0x50  Code  Lc  pkparse.o [2]
pk_get_rsapubkey         0x809'617f    0xa8  Code  Lc  pkparse.o [2]
pk_hashlen_helper        0x809'5a67    0x1e  Code  Lc  pk.o [2]
pk_parse_key_pkcs1_der   0x809'6339   0x164  Code  Lc  pkparse.o [2]
pk_parse_key_pkcs8_unencrypted_der
                         0x809'6639    0xd2  Code  Lc  pkparse.o [2]
pk_parse_key_sec1_der    0x809'64c1   0x16e  Code  Lc  pkparse.o [2]
pk_use_ecparams          0x809'5ec5   0x272  Code  Lc  pkparse.o [2]
platform_deinit          0x80a'1771    0x1c  Code  Gb  cloud.o [2]
platform_init            0x80a'15cd   0x196  Code  Gb  cloud.o [2]
platform_init::__func__
                         0x80a'192c    0x10  Data  Lc  cloud.o [2]
pows                     0x808'0e88    0x48  Data  Lc  strto64.o [4]
printf                   0x808'e57d    0x28  Code  Gb  printf.o [3]
putchar                  0x80b'3c19     0xc  Code  Gb  putchar.o [3]
ranmatch                 0x80a'acbd    0x42  Code  Lc  xscanffull.o [3]
refArrayQuadrants       0x2000'326c    0x10  Data  Gb  vl53l0x_api_calibration.o [2]
rfu_update               0x80a'6ff5   0x2e0  Code  Gb  rfu.o [2]
rsa_alloc_wrap           0x80b'2953    0x16  Code  Lc  pk_wrap.o [2]
rsa_can_do               0x80b'2861    0x10  Code  Lc  pk_wrap.o [2]
rsa_check_context        0x809'cde3    0xb2  Code  Lc  rsa.o [2]
rsa_check_pair_wrap      0x80b'294f     0x4  Code  Lc  pk_wrap.o [2]
rsa_debug                0x80b'2975    0x20  Code  Lc  pk_wrap.o [2]
rsa_decrypt_wrap         0x80b'28f3    0x2e  Code  Lc  pk_wrap.o [2]
rsa_encrypt_wrap         0x80b'2921    0x2e  Code  Lc  pk_wrap.o [2]
rsa_free_wrap            0x80b'2969     0xa  Code  Lc  pk_wrap.o [2]
rsa_get_bitlen           0x80b'2871     0xa  Code  Lc  pk_wrap.o [2]
rsa_rsassa_pkcs1_v15_encode
                         0x809'db69    0xf8  Code  Lc  rsa.o [2]
rsa_sign_wrap            0x80b'28b7    0x30  Code  Lc  pk_wrap.o [2]
rsa_verify_wrap          0x80b'287b    0x3c  Code  Lc  pk_wrap.o [2]
scalbln                  0x808'cc2d          Code  Gb  ldexp.o [4]
scalblnl                 0x808'cc2d          Code  Gb  ldexp.o [4]
scalbn                   0x808'cc2d          Code  Gb  ldexp.o [4]
scalbnl                  0x808'cc2d          Code  Gb  ldexp.o [4]
scale                    0x808'c881    0x46  Code  Lc  xprintffull.o [3]
sec_hand                0x2000'5060     0x4  Data  Lc  xfail_s.o [3]
secp256k1_a              0x809'ea0c     0x4  Data  Lc  ecp_curves.o [2]
secp256k1_b              0x809'ea10     0x4  Data  Lc  ecp_curves.o [2]
secp256k1_gx             0x809'ea14    0x20  Data  Lc  ecp_curves.o [2]
secp256k1_gy             0x809'ea34    0x20  Data  Lc  ecp_curves.o [2]
secp256k1_n              0x809'ea54    0x20  Data  Lc  ecp_curves.o [2]
secp256k1_p              0x809'e9ec    0x20  Data  Lc  ecp_curves.o [2]
secp256r1_b              0x809'e96c    0x20  Data  Lc  ecp_curves.o [2]
secp256r1_gx             0x809'e98c    0x20  Data  Lc  ecp_curves.o [2]
secp256r1_gy             0x809'e9ac    0x20  Data  Lc  ecp_curves.o [2]
secp256r1_n              0x809'e9cc    0x20  Data  Lc  ecp_curves.o [2]
secp256r1_p              0x809'e94c    0x20  Data  Lc  ecp_curves.o [2]
secp384r1_b              0x808'41a0    0x30  Data  Lc  ecp_curves.o [2]
secp384r1_gx             0x808'41d0    0x30  Data  Lc  ecp_curves.o [2]
secp384r1_gy             0x808'4200    0x30  Data  Lc  ecp_curves.o [2]
secp384r1_n              0x808'4230    0x30  Data  Lc  ecp_curves.o [2]
secp384r1_p              0x808'4170    0x30  Data  Lc  ecp_curves.o [2]
segment_holding          0x808'eec9    0x1a  Code  Lc  dlmalloc.o [3]
sequence_step_enabled    0x80a'cb89    0x38  Code  Gb  vl53l0x_api.o [2]
setIoTDeviceConfig       0x80a'516f    0x36  Code  Gb  iot_flash_config.o [2]
setIoTDeviceConfig::__func__
                         0x80a'5538    0x14  Data  Lc  iot_flash_config.o [2]
setIoTState              0x80a'5349    0x34  Code  Gb  iot_flash_config.o [2]
setIoTState::__func__    0x80a'5588     0xc  Data  Lc  iot_flash_config.o [2]
setRTCTimeDateFromNetwork
                         0x80a'5595   0x424  Code  Gb  timedate.o [2]
setRTCTimeDateFromNetwork::__func__
                         0x80a'5a14    0x1c  Data  Lc  timedate.o [2]
set_network_credentials
                         0x80a'4ccd    0x68  Code  Gb  set_credentials.o [2]
set_network_credentials::__func__
                         0x80a'4d48    0x18  Data  Lc  set_credentials.o [2]
set_ref_spad_map         0x80a'ef47     0xa  Code  Gb  vl53l0x_api_calibration.o [2]
set_sequence_step_timeout
                         0x80a'fc4d    0xf0  Code  Gb  vl53l0x_api_core.o [2]
sha1_clone_wrap          0x80b'3d07     0x4  Code  Lc  md_wrap.o [2]
sha1_ctx_alloc           0x80b'3cf3    0x14  Code  Lc  md_wrap.o [2]
sha1_ctx_free            0x80b'3d0b     0x8  Code  Lc  md_wrap.o [2]
sha1_finish_wrap         0x80b'3cef     0x4  Code  Lc  md_wrap.o [2]
sha1_padding             0x808'6d1c    0x40  Data  Lc  sha1.o [2]
sha1_process_wrap        0x80b'3d1d     0x4  Code  Lc  md_wrap.o [2]
sha1_starts_wrap         0x80b'3ce7     0x4  Code  Lc  md_wrap.o [2]
sha1_update_wrap         0x80b'3ceb     0x4  Code  Lc  md_wrap.o [2]
sha224_clone_wrap        0x80b'3d59     0x4  Code  Lc  md_wrap.o [2]
sha224_ctx_alloc         0x80b'3d35    0x14  Code  Lc  md_wrap.o [2]
sha224_ctx_free          0x80b'3d4f     0xa  Code  Lc  md_wrap.o [2]
sha224_finish_wrap       0x80b'3d2b     0x4  Code  Lc  md_wrap.o [2]
sha224_process_wrap      0x80b'3d5d     0x4  Code  Lc  md_wrap.o [2]
sha224_starts_wrap       0x80b'3d21     0x6  Code  Lc  md_wrap.o [2]
sha224_update_wrap       0x80b'3d27     0x4  Code  Lc  md_wrap.o [2]
sha224_wrap              0x80b'3d2f     0x6  Code  Lc  md_wrap.o [2]
sha256_padding           0x808'6e5c    0x40  Data  Lc  sha256.o [2]
sha256_starts_wrap       0x80b'3d61     0x6  Code  Lc  md_wrap.o [2]
sha256_wrap              0x80b'3d67     0x6  Code  Lc  md_wrap.o [2]
sha384_clone_wrap        0x80b'3d9f     0x4  Code  Lc  md_wrap.o [2]
sha384_ctx_alloc         0x80b'3d81    0x14  Code  Lc  md_wrap.o [2]
sha384_ctx_free          0x80b'3d95     0xa  Code  Lc  md_wrap.o [2]
sha384_finish_wrap       0x80b'3d77     0x4  Code  Lc  md_wrap.o [2]
sha384_process_wrap      0x80b'3da3     0x4  Code  Lc  md_wrap.o [2]
sha384_starts_wrap       0x80b'3d6d     0x6  Code  Lc  md_wrap.o [2]
sha384_update_wrap       0x80b'3d73     0x4  Code  Lc  md_wrap.o [2]
sha384_wrap              0x80b'3d7b     0x6  Code  Lc  md_wrap.o [2]
sha512_padding           0x808'6e9c    0x80  Data  Lc  sha512.o [2]
sha512_starts_wrap       0x80b'3da7     0x6  Code  Lc  md_wrap.o [2]
sha512_wrap              0x80b'3dad     0x6  Code  Lc  md_wrap.o [2]
sim_bp_pushed           0x2000'2800     0x1  Data  Lc  aws_subscribe_publish_sensor_values.o [2]
snprintf                 0x808'd5c1    0x44  Code  Gb  snprintf.o [3]
sockets                 0x2000'4954   0x104  Data  Lc  net_socket.o [2]
spi_rx_event            0x2000'4e5c     0x4  Data  Lc  net_conf.o [2]
spi_tx_event            0x2000'4e60     0x4  Data  Lc  net_conf.o [2]
sprintf                  0x80a'9d15    0x40  Code  Gb  sprintf.o [3]
srand                    0x80a'147d     0xa  Code  Gb  rand.o [3]
sscanf                   0x80a'8a45    0x28  Code  Gb  sscanf.o [3]
ssl_append_key_cert      0x809'2d13    0x30  Code  Lc  ssl_tls.o [2]
ssl_calc_finished_tls_sha256
                         0x809'24ed    0xa4  Code  Lc  ssl_tls.o [2]
ssl_calc_finished_tls_sha384
                         0x809'25dd    0xa4  Code  Lc  ssl_tls.o [2]
ssl_calc_verify_tls_sha256
                         0x809'0b25    0x58  Code  Lc  ssl_tls.o [2]
ssl_calc_verify_tls_sha384
                         0x809'0b95    0x56  Code  Lc  ssl_tls.o [2]
ssl_check_ctr_renegotiate
                         0x809'2fbb    0x54  Code  Lc  ssl_tls.o [2]
ssl_handshake_init       0x809'2b01   0x104  Code  Lc  ssl_tls.o [2]
ssl_preset_default_hashes
                        0x2000'2f44    0x18  Data  Lc  ssl_tls.o [2]
ssl_preset_suiteb_ciphersuites
                        0x2000'2f5c     0xc  Data  Lc  ssl_tls.o [2]
ssl_preset_suiteb_curves
                        0x2000'2f74     0x4  Data  Lc  ssl_tls.o [2]
ssl_preset_suiteb_hashes
                        0x2000'2f68     0xc  Data  Lc  ssl_tls.o [2]
ssl_set_timer            0x809'03d7    0x2e  Code  Lc  ssl_tls.o [2]
ssl_start_renegotiation
                         0x809'2ed5    0x54  Code  Lc  ssl_tls.o [2]
ssl_update_checksum_sha256
                         0x809'24d5     0xa  Code  Lc  ssl_tls.o [2]
ssl_update_checksum_sha384
                         0x809'24e1     0x4  Code  Lc  ssl_tls.o [2]
ssl_update_checksum_start
                         0x809'24b7    0x1e  Code  Lc  ssl_tls.o [2]
ssl_validate_ciphersuite
                         0x809'8b95    0x16  Code  Lc  ssl_cli.o [2]
strchr                   0x808'ca3d          Code  Gb  strchr.o [5]
strcmp                   0x80a'64f1          Code  Gb  strcmp.o [5]
strcpy                   0x80b'0b59          Code  Gb  strcpy.o [5]
strcspn                  0x80a'd683    0x22  Code  Gb  strcspn.o [3]
strncasecmp              0x80a'd4d5    0x3e  Code  Gb  strncasecmp.o [3]
strncmp                  0x808'd6b7    0x28  Code  Gb  strncmp.o [3]
strspn                   0x80a'd661    0x22  Code  Gb  strspn.o [3]
strstr                   0x809'cbcd    0x2c  Code  Gb  strstr.o [3]
strtok                   0x80a'9d55    0x4c  Code  Gb  strtok.o [3]
strtoll                  0x80a'dead     0x2  Code  Gb  iar_Stollx.o [3]
strtoull                 0x80a'de05     0x2  Code  Gb  iar_Stoullx.o [3]
sub32                    0x809'e275    0x18  Code  Lc  ecp_curves.o [2]
supported_ciphersuites  0x2000'4fe0    0x1c  Data  Lc  ssl_ciphersuites.o [2]
supported_init          0x2000'4fdc     0x4  Data  Lc  ssl_ciphersuites.o [2]
time                     0x809'f1a5     0x4  Code  Gb  time_trampoline.o [3]
timeSyncSystem          0x2000'2f78     0x4  Data  Lc  STM32CubeRTCInterface.o [2]
tls_prf_generic          0x809'0419    0xfe  Code  Lc  ssl_tls.o [2]
tls_prf_sha256           0x809'0527     0xc  Code  Lc  ssl_tls.o [2]
tls_prf_sha384           0x809'0533     0xa  Code  Lc  ssl_tls.o [2]
tokenCount              0x2000'285c     0x4  Data  Lc  aws_subscribe_publish_sensor_values.o [2]
tolower                  0x80b'064b    0x14  Code  Gb  tolower.o [3]
topicToPublishGetNext   0x2000'2c50    0x80  Data  Lc  aws_subscribe_publish_sensor_values.o [2]
topicToPublishGetPending
                        0x2000'2bd0    0x80  Data  Lc  aws_subscribe_publish_sensor_values.o [2]
topicToSubscribeGetNext
                        0x2000'2a50    0x80  Data  Lc  aws_subscribe_publish_sensor_values.o [2]
topicToSubscribeGetPending
                        0x2000'2950    0x80  Data  Lc  aws_subscribe_publish_sensor_values.o [2]
topicToSubscribeNotifyNext
                        0x2000'29d0    0x80  Data  Lc  aws_subscribe_publish_sensor_values.o [2]
topicToSubscribeUpdateAccepted
                        0x2000'2ad0    0x80  Data  Lc  aws_subscribe_publish_sensor_values.o [2]
topicToSubscribeUpdateRejected
                        0x2000'2b50    0x80  Data  Lc  aws_subscribe_publish_sensor_values.o [2]
updateFirmwareVersion    0x80a'5295    0xb2  Code  Gb  iot_flash_config.o [2]
updateTLSCredentials     0x80a'4fc9   0x146  Code  Gb  iot_flash_config.o [2]
updateTLSCredentials::__func__
                         0x80a'54a4    0x18  Data  Lc  iot_flash_config.o [2]
updateWiFiCredentials    0x80a'4e35    0xac  Code  Gb  iot_flash_config.o [2]
updateWiFiCredentials::__func__
                         0x80a'5400    0x18  Data  Lc  iot_flash_config.o [2]
uwTick                  0x2000'5058     0x4  Data  Gb  stm32l4xx_hal.o [2]
vsnprintf                0x808'b7f5    0x3c  Code  Gb  vsnprint.o [3]
wait_spi_tx_event        0x80a'34a5    0x26  Code  Lc  net_conf.o [2]
wctob                    0x80a'd6b9    0x34  Code  Gb  wctob.o [3]
wifi_cred               0x2000'503c     0xc  Data  Gb  set_credentials.o [2]
wifi_probe               0x80a'36ab    0x26  Code  Gb  net_conf.o [2]
write_ota_state         0x2000'2808    0x50  Data  Gb  aws_subscribe_publish_sensor_values.o [2]
x509_check_time          0x809'c937    0x4c  Code  Lc  x509.o [2]
x509_crt_check_cn        0x809'53d5    0x5c  Code  Lc  x509_crt.o [2]
x509_crt_check_signature
                         0x809'5307    0x52  Code  Lc  x509_crt.o [2]
x509_crt_find_parent_in
                         0x809'5359    0x7c  Code  Lc  x509_crt.o [2]
x509_crt_verify_strings
                         0x808'8f28    0xa8  Data  Lc  x509_crt.o [2]
x509_get_current_time    0x809'c8f9    0x3e  Code  Lc  x509.o [2]
x509_get_uid             0x809'439b    0x36  Code  Lc  x509_crt.o [2]
x509_memcasecmp          0x809'525d    0x30  Code  Lc  x509_crt.o [2]
x509_name_cmp            0x809'528d    0x7a  Code  Lc  x509_crt.o [2]
x509_parse_int           0x809'c3fd    0x34  Code  Lc  x509.o [2]
x509_profile_check_key   0x809'4355    0x46  Code  Lc  x509_crt.o [2]
x509_profile_check_md_alg
                         0x809'4331    0x10  Code  Lc  x509_crt.o [2]
x509_profile_check_pk_alg
                         0x809'4341     0xe  Code  Lc  x509_crt.o [2]


[1] = D:\Keil\STM32CubeExpansion_Cloud_AWS_V1.4.0\Projects\B-L475E-IOT01A\Applications\BootLoader_OSC\2_Images_SBSFU\EWARM
[2] = D:\Keil\STM32CubeExpansion_Cloud_AWS_V1.4.0\Projects\B-L475E-IOT01A\Applications\Cloud\AWS\EWARM\B-L475E-IOT01\Obj
[3] = dl7M_tlf.a
[4] = m7M_tls.a
[5] = rt7M_tl.a
[6] = shb_l.a

  176'182 bytes of readonly  code memory
   35'354 bytes of readonly  data memory
   87'913 bytes of readwrite data memory

Errors: none
Warnings: none
